Using SPARSE 1.3 as Direct Linear Solver

Note: No compatibility mode selected!


Circuit: ********************************************************************************

Doing analysis at TEMP = 27.000000 and TNOM = 27.000000


Initial Transient Solution
--------------------------

Node                                   Voltage
----                                   -------
sn                                -5.18664e-10
wwl_drv                                   -0.8
wbl_drv                                    1.2
rwl_drv                                      0
rbl_drv                                      0
vdd                                        1.2
wwl                                       -0.8
wbl                                        1.2
rwl                                          0
rbl                                2.39995e-05
v_dd#branch                       -1.19998e-05
v_rbl#branch                       1.19998e-05
v_rwl#branch                                 0
v_wbl#branch                                 0
v_wwl#branch                                 0


No. of Data Rows : 242
********************************************************************************
Transient Analysis  Tue Aug 18 15:49:49  2026
--------------------------------------------------------------------------------
Index   time            v(wwl)          v(wbl)          v(rwl)          
--------------------------------------------------------------------------------
0	0.000000e+00	-8.00000e-01	1.200000e+00	0.000000e+00	
1	1.000000e-12	-8.00000e-01	1.200000e+00	-4.12617e-22	
2	2.000000e-12	-8.00000e-01	1.200000e+00	-2.60266e-22	
3	4.000000e-12	-8.00000e-01	1.200000e+00	-2.60151e-22	
4	8.000000e-12	-8.00000e-01	1.200000e+00	-1.06272e-25	
5	1.600000e-11	-8.00000e-01	1.200000e+00	-6.49398e-23	
6	3.200000e-11	-8.00000e-01	1.200000e+00	6.493364e-23	
7	6.400000e-11	-8.00000e-01	1.200000e+00	-6.49306e-23	
8	1.280000e-10	-8.00000e-01	1.200000e+00	3.240338e-23	
9	2.280000e-10	-8.00000e-01	1.200000e+00	-3.24029e-23	
10	3.280000e-10	-8.00000e-01	1.200000e+00	3.240240e-23	
11	4.280000e-10	-8.00000e-01	1.200000e+00	-3.24019e-23	
12	5.280000e-10	-8.00000e-01	1.200000e+00	3.240143e-23	
13	6.280000e-10	-8.00000e-01	1.200000e+00	-3.24009e-23	
14	7.280000e-10	-8.00000e-01	1.200000e+00	3.240045e-23	
15	8.280000e-10	-8.00000e-01	1.200000e+00	-3.24000e-23	
16	9.280000e-10	-8.00000e-01	1.200000e+00	3.239948e-23	
17	1.000000e-09	-8.00000e-01	1.200000e+00	-2.51709e-23	
18	1.000010e-09	-5.78308e-01	1.200005e+00	3.779841e-05	
19	1.000030e-09	-1.18908e-01	1.200006e+00	4.325878e-05	
20	1.000070e-09	8.016594e-01	1.200005e+00	3.825307e-05	
21	1.000100e-09	1.491117e+00	1.200005e+00	4.294212e-05	
22	1.000108e-09	1.499603e+00	1.200000e+00	3.721956e-06	
23	1.000124e-09	1.500362e+00	1.199999e+00	-3.21132e-06	
24	1.000156e-09	1.499655e+00	1.200000e+00	3.005575e-06	
25	1.000220e-09	1.500337e+00	1.199999e+00	-2.88090e-06	
26	1.000348e-09	1.499667e+00	1.200000e+00	2.846848e-06	
27	1.000604e-09	1.500332e+00	1.199999e+00	-2.80310e-06	
28	1.001116e-09	1.499669e+00	1.200000e+00	2.808336e-06	
29	1.002140e-09	1.500330e+00	1.199999e+00	-2.78394e-06	
30	1.004188e-09	1.499670e+00	1.200000e+00	2.798779e-06	
31	1.008284e-09	1.500330e+00	1.199999e+00	-2.77917e-06	
32	1.016476e-09	1.499670e+00	1.200000e+00	2.796394e-06	
33	1.032860e-09	1.500330e+00	1.199999e+00	-2.77798e-06	
34	1.065628e-09	1.499670e+00	1.200000e+00	2.795798e-06	
35	1.131164e-09	1.500330e+00	1.199999e+00	-2.77768e-06	
36	1.231164e-09	1.499670e+00	1.200000e+00	2.795634e-06	
37	1.331164e-09	1.500330e+00	1.199999e+00	-2.77755e-06	
38	1.431164e-09	1.499670e+00	1.200000e+00	2.795504e-06	
39	1.531164e-09	1.500330e+00	1.199999e+00	-2.77742e-06	
40	1.631164e-09	1.499670e+00	1.200000e+00	2.795374e-06	
41	1.731164e-09	1.500330e+00	1.199999e+00	-2.77729e-06	
42	1.831164e-09	1.499670e+00	1.200000e+00	2.795244e-06	
43	1.931164e-09	1.500330e+00	1.199999e+00	-2.77716e-06	
44	2.031164e-09	1.499670e+00	1.200000e+00	2.795113e-06	
45	2.131164e-09	1.500330e+00	1.199999e+00	-2.77703e-06	
46	2.231164e-09	1.499670e+00	1.200000e+00	2.794983e-06	
47	2.331164e-09	1.500330e+00	1.199999e+00	-2.77690e-06	
48	2.431164e-09	1.499671e+00	1.200000e+00	2.794853e-06	
49	2.531164e-09	1.500330e+00	1.199999e+00	-2.77677e-06	
50	2.631164e-09	1.499671e+00	1.200000e+00	2.794723e-06	
51	2.731164e-09	1.500329e+00	1.199999e+00	-2.77664e-06	
52	2.831164e-09	1.499671e+00	1.200000e+00	2.794593e-06	
53	2.931164e-09	1.500329e+00	1.199999e+00	-2.77651e-06	
54	3.031164e-09	1.499671e+00	1.200000e+00	2.794463e-06	

Index   time            v(wwl)          v(wbl)          v(rwl)          
--------------------------------------------------------------------------------
55	3.131164e-09	1.500329e+00	1.199999e+00	-2.77638e-06	
56	3.231164e-09	1.499671e+00	1.200000e+00	2.794333e-06	
57	3.331164e-09	1.500329e+00	1.199999e+00	-2.77625e-06	
58	3.431164e-09	1.499671e+00	1.200000e+00	2.794203e-06	
59	3.531164e-09	1.500329e+00	1.199999e+00	-2.77612e-06	
60	3.631164e-09	1.499671e+00	1.200000e+00	2.794072e-06	
61	3.731164e-09	1.500329e+00	1.199999e+00	-2.77599e-06	
62	3.831164e-09	1.499671e+00	1.200000e+00	2.793942e-06	
63	3.931164e-09	1.500329e+00	1.199999e+00	-2.77586e-06	
64	4.031164e-09	1.499671e+00	1.200000e+00	2.793812e-06	
65	4.131164e-09	1.500329e+00	1.199999e+00	-2.77573e-06	
66	4.231164e-09	1.499671e+00	1.200000e+00	2.793682e-06	
67	4.331164e-09	1.500329e+00	1.199999e+00	-2.77560e-06	
68	4.431164e-09	1.499671e+00	1.200000e+00	2.793552e-06	
69	4.531164e-09	1.500329e+00	1.199999e+00	-2.77547e-06	
70	4.631164e-09	1.499671e+00	1.200000e+00	2.793422e-06	
71	4.731164e-09	1.500329e+00	1.199999e+00	-2.77534e-06	
72	4.831164e-09	1.499671e+00	1.200000e+00	2.793292e-06	
73	4.931164e-09	1.500329e+00	1.199999e+00	-2.77521e-06	
74	5.031164e-09	1.499671e+00	1.200000e+00	2.793162e-06	
75	5.131164e-09	1.500329e+00	1.199999e+00	-2.77508e-06	
76	5.231164e-09	1.499671e+00	1.200000e+00	2.793032e-06	
77	5.331164e-09	1.500329e+00	1.199999e+00	-2.77495e-06	
78	5.431164e-09	1.499671e+00	1.200000e+00	2.792902e-06	
79	5.531164e-09	1.500329e+00	1.199999e+00	-2.77482e-06	
80	5.631164e-09	1.499671e+00	1.200000e+00	2.792772e-06	
81	5.731164e-09	1.500329e+00	1.199999e+00	-2.77469e-06	
82	5.831164e-09	1.499671e+00	1.200000e+00	2.792642e-06	
83	5.931164e-09	1.500329e+00	1.199999e+00	-2.77456e-06	
84	6.031164e-09	1.499671e+00	1.200000e+00	2.792512e-06	
85	6.131164e-09	1.500329e+00	1.199999e+00	-2.77443e-06	
86	6.231164e-09	1.499671e+00	1.200000e+00	2.792382e-06	
87	6.331164e-09	1.500329e+00	1.199999e+00	-2.77430e-06	
88	6.431164e-09	1.499671e+00	1.200000e+00	2.792252e-06	
89	6.531164e-09	1.500329e+00	1.199999e+00	-2.77417e-06	
90	6.631164e-09	1.499671e+00	1.200000e+00	2.792122e-06	
91	6.731164e-09	1.500329e+00	1.199999e+00	-2.77404e-06	
92	6.831164e-09	1.499671e+00	1.200000e+00	2.791992e-06	
93	6.931164e-09	1.500329e+00	1.199999e+00	-2.77391e-06	
94	7.031164e-09	1.499671e+00	1.200000e+00	2.791862e-06	
95	7.131164e-09	1.500329e+00	1.199999e+00	-2.77378e-06	
96	7.231164e-09	1.499671e+00	1.200000e+00	2.791732e-06	
97	7.331164e-09	1.500329e+00	1.199999e+00	-2.77365e-06	
98	7.431164e-09	1.499671e+00	1.200000e+00	2.791447e-06	
99	7.531164e-09	1.500329e+00	1.199999e+00	-2.77396e-06	
100	7.631164e-09	1.499671e+00	1.200000e+00	2.790775e-06	
101	7.731164e-09	1.500329e+00	1.199999e+00	-2.77436e-06	
102	7.831164e-09	1.499671e+00	1.200000e+00	2.790137e-06	
103	7.931164e-09	1.500329e+00	1.199999e+00	-2.77472e-06	
104	8.031164e-09	1.499671e+00	1.200000e+00	2.789531e-06	
105	8.131164e-09	1.500329e+00	1.199999e+00	-2.77505e-06	
106	8.231164e-09	1.499671e+00	1.200000e+00	2.788953e-06	
107	8.331164e-09	1.500329e+00	1.200000e+00	-2.77536e-06	
108	8.431164e-09	1.499671e+00	1.200000e+00	2.788403e-06	
109	8.531164e-09	1.500329e+00	1.200000e+00	-2.77564e-06	
110	8.631164e-09	1.499671e+00	1.200000e+00	2.787879e-06	
111	8.731164e-09	1.500329e+00	1.200000e+00	-2.77589e-06	
112	8.831164e-09	1.499671e+00	1.200000e+00	2.787379e-06	

Index   time            v(wwl)          v(wbl)          v(rwl)          
--------------------------------------------------------------------------------
113	8.931164e-09	1.500329e+00	1.200000e+00	-2.77612e-06	
114	9.031164e-09	1.499671e+00	1.200000e+00	2.786902e-06	
115	9.131164e-09	1.500329e+00	1.200000e+00	-2.77633e-06	
116	9.231164e-09	1.499671e+00	1.200000e+00	2.786446e-06	
117	9.331164e-09	1.500329e+00	1.200000e+00	-2.77652e-06	
118	9.431164e-09	1.499671e+00	1.200000e+00	2.786010e-06	
119	9.531164e-09	1.500329e+00	1.200000e+00	-2.77669e-06	
120	9.631164e-09	1.499671e+00	1.200000e+00	2.785592e-06	
121	9.731164e-09	1.500329e+00	1.200000e+00	-2.77684e-06	
122	9.831164e-09	1.499671e+00	1.200000e+00	2.785193e-06	
123	9.931164e-09	1.500329e+00	1.200000e+00	-2.77697e-06	
124	1.003116e-08	1.499671e+00	1.200000e+00	2.784810e-06	
125	1.013116e-08	1.500329e+00	1.200000e+00	-2.77708e-06	
126	1.023116e-08	1.499671e+00	1.200000e+00	2.784442e-06	
127	1.033116e-08	1.500329e+00	1.200000e+00	-2.77719e-06	
128	1.043116e-08	1.499671e+00	1.200000e+00	2.784089e-06	
129	1.053116e-08	1.500329e+00	1.200000e+00	-2.77727e-06	
130	1.063116e-08	1.499671e+00	1.200000e+00	2.783749e-06	
131	1.073116e-08	1.500329e+00	1.200000e+00	-2.77735e-06	
132	1.083116e-08	1.499671e+00	1.200000e+00	2.783423e-06	
133	1.093116e-08	1.500329e+00	1.200000e+00	-2.77741e-06	
134	1.100000e-08	1.499671e+00	1.200000e+00	2.783107e-06	
135	1.100001e-08	1.278296e+00	1.199995e+00	-3.76433e-05	
136	1.100003e-08	8.189187e-01	1.199994e+00	-4.33983e-05	
137	1.100007e-08	-1.01670e-01	1.199995e+00	-3.81206e-05	
138	1.100010e-08	-7.91106e-01	1.199994e+00	-4.30576e-05	
139	1.100011e-08	-7.99602e-01	1.200000e+00	-3.72058e-06	
140	1.100012e-08	-8.00362e-01	1.200000e+00	3.227099e-06	
141	1.100016e-08	-7.99654e-01	1.200000e+00	-3.00293e-06	
142	1.100022e-08	-8.00338e-01	1.200000e+00	2.896086e-06	
143	1.100035e-08	-7.99666e-01	1.200000e+00	-2.84392e-06	
144	1.100060e-08	-8.00332e-01	1.200000e+00	2.818151e-06	
145	1.100112e-08	-7.99669e-01	1.200000e+00	-2.80534e-06	
146	1.100214e-08	-8.00330e-01	1.200000e+00	2.798956e-06	
147	1.100419e-08	-7.99670e-01	1.200000e+00	-2.79577e-06	
148	1.100828e-08	-8.00330e-01	1.200000e+00	2.794175e-06	
149	1.101648e-08	-7.99670e-01	1.200000e+00	-2.79338e-06	
150	1.103286e-08	-8.00330e-01	1.200000e+00	2.792981e-06	
151	1.106563e-08	-7.99670e-01	1.200000e+00	-2.79278e-06	
152	1.113116e-08	-8.00330e-01	1.200000e+00	2.792683e-06	
153	1.123116e-08	-7.99670e-01	1.200000e+00	-2.79262e-06	
154	1.133116e-08	-8.00330e-01	1.200000e+00	2.792552e-06	
155	1.143116e-08	-7.99670e-01	1.200000e+00	-2.79249e-06	
156	1.153116e-08	-8.00330e-01	1.200000e+00	2.792422e-06	
157	1.163116e-08	-7.99670e-01	1.200000e+00	-2.79236e-06	
158	1.173116e-08	-8.00330e-01	1.200000e+00	2.792292e-06	
159	1.183116e-08	-7.99670e-01	1.200000e+00	-2.79223e-06	
160	1.193116e-08	-8.00330e-01	1.200000e+00	2.792161e-06	
161	1.203116e-08	-7.99670e-01	1.200000e+00	-2.79210e-06	
162	1.213116e-08	-8.00330e-01	1.200000e+00	2.792031e-06	
163	1.223116e-08	-7.99670e-01	1.200000e+00	-2.79197e-06	
164	1.233116e-08	-8.00330e-01	1.200000e+00	2.791901e-06	
165	1.243116e-08	-7.99670e-01	1.200000e+00	-2.79184e-06	
166	1.253116e-08	-8.00330e-01	1.200000e+00	2.791770e-06	
167	1.263116e-08	-7.99670e-01	1.200000e+00	-2.79171e-06	
168	1.273116e-08	-8.00330e-01	1.200000e+00	2.791640e-06	
169	1.283116e-08	-7.99670e-01	1.200000e+00	-2.79157e-06	
170	1.293116e-08	-8.00330e-01	1.200000e+00	2.791510e-06	

Index   time            v(wwl)          v(wbl)          v(rwl)          
--------------------------------------------------------------------------------
171	1.303116e-08	-7.99670e-01	1.200000e+00	-2.79144e-06	
172	1.313116e-08	-8.00330e-01	1.200000e+00	2.791379e-06	
173	1.323116e-08	-7.99670e-01	1.200000e+00	-2.79131e-06	
174	1.333116e-08	-8.00330e-01	1.200000e+00	2.791249e-06	
175	1.343116e-08	-7.99670e-01	1.200000e+00	-2.79118e-06	
176	1.353116e-08	-8.00330e-01	1.200000e+00	2.791119e-06	
177	1.363116e-08	-7.99670e-01	1.200000e+00	-2.79105e-06	
178	1.373116e-08	-8.00330e-01	1.200000e+00	2.790988e-06	
179	1.383116e-08	-7.99670e-01	1.200000e+00	-2.79092e-06	
180	1.393116e-08	-8.00330e-01	1.200000e+00	2.790858e-06	
181	1.403116e-08	-7.99670e-01	1.200000e+00	-2.79079e-06	
182	1.413116e-08	-8.00330e-01	1.200000e+00	2.790728e-06	
183	1.423116e-08	-7.99670e-01	1.200000e+00	-2.79066e-06	
184	1.433116e-08	-8.00330e-01	1.200000e+00	2.790597e-06	
185	1.443116e-08	-7.99670e-01	1.200000e+00	-2.79053e-06	
186	1.453116e-08	-8.00330e-01	1.200000e+00	2.790467e-06	
187	1.463116e-08	-7.99670e-01	1.200000e+00	-2.79040e-06	
188	1.473116e-08	-8.00330e-01	1.200000e+00	2.790337e-06	
189	1.483116e-08	-7.99670e-01	1.200000e+00	-2.79027e-06	
190	1.493116e-08	-8.00330e-01	1.200000e+00	2.790206e-06	
191	1.503116e-08	-7.99670e-01	1.200000e+00	-2.79014e-06	
192	1.513116e-08	-8.00330e-01	1.200000e+00	2.790076e-06	
193	1.523116e-08	-7.99670e-01	1.200000e+00	-2.79001e-06	
194	1.533116e-08	-8.00330e-01	1.200000e+00	2.789946e-06	
195	1.543116e-08	-7.99670e-01	1.200000e+00	-2.78988e-06	
196	1.553116e-08	-8.00330e-01	1.200000e+00	2.789816e-06	
197	1.563116e-08	-7.99670e-01	1.200000e+00	-2.78975e-06	
198	1.573116e-08	-8.00330e-01	1.200000e+00	2.789685e-06	
199	1.583116e-08	-7.99670e-01	1.200000e+00	-2.78962e-06	
200	1.593116e-08	-8.00330e-01	1.200000e+00	2.789555e-06	
201	1.603116e-08	-7.99670e-01	1.200000e+00	-2.78949e-06	
202	1.613116e-08	-8.00330e-01	1.200000e+00	2.789425e-06	
203	1.623116e-08	-7.99670e-01	1.200000e+00	-2.78936e-06	
204	1.633116e-08	-8.00330e-01	1.200000e+00	2.789294e-06	
205	1.643116e-08	-7.99670e-01	1.200000e+00	-2.78923e-06	
206	1.653116e-08	-8.00330e-01	1.200000e+00	2.789164e-06	
207	1.663116e-08	-7.99670e-01	1.200000e+00	-2.78910e-06	
208	1.673116e-08	-8.00330e-01	1.200000e+00	2.789034e-06	
209	1.683116e-08	-7.99670e-01	1.200000e+00	-2.78897e-06	
210	1.693116e-08	-8.00330e-01	1.200000e+00	2.788904e-06	
211	1.703116e-08	-7.99670e-01	1.200000e+00	-2.78884e-06	
212	1.713116e-08	-8.00330e-01	1.200000e+00	2.788773e-06	
213	1.723116e-08	-7.99670e-01	1.200000e+00	-2.78871e-06	
214	1.733116e-08	-8.00330e-01	1.200000e+00	2.788643e-06	
215	1.743116e-08	-7.99670e-01	1.200000e+00	-2.78858e-06	
216	1.753116e-08	-8.00330e-01	1.200000e+00	2.788513e-06	
217	1.763116e-08	-7.99670e-01	1.200000e+00	-2.78845e-06	
218	1.773116e-08	-8.00330e-01	1.200000e+00	2.788383e-06	
219	1.783116e-08	-7.99670e-01	1.200000e+00	-2.78832e-06	
220	1.793116e-08	-8.00330e-01	1.200000e+00	2.788253e-06	
221	1.803116e-08	-7.99670e-01	1.200000e+00	-2.78819e-06	
222	1.813116e-08	-8.00330e-01	1.200000e+00	2.788122e-06	
223	1.823116e-08	-7.99670e-01	1.200000e+00	-2.78806e-06	
224	1.833116e-08	-8.00330e-01	1.200000e+00	2.787992e-06	
225	1.843116e-08	-7.99670e-01	1.200000e+00	-2.78793e-06	
226	1.853116e-08	-8.00330e-01	1.200000e+00	2.787862e-06	
227	1.863116e-08	-7.99670e-01	1.200000e+00	-2.78780e-06	
228	1.873116e-08	-8.00330e-01	1.200000e+00	2.787732e-06	

Index   time            v(wwl)          v(wbl)          v(rwl)          
--------------------------------------------------------------------------------
229	1.883116e-08	-7.99670e-01	1.200000e+00	-2.78767e-06	
230	1.893116e-08	-8.00330e-01	1.200000e+00	2.787602e-06	
231	1.903116e-08	-7.99670e-01	1.200000e+00	-2.78754e-06	
232	1.913116e-08	-8.00330e-01	1.200000e+00	2.787471e-06	
233	1.923116e-08	-7.99670e-01	1.200000e+00	-2.78741e-06	
234	1.933116e-08	-8.00330e-01	1.200000e+00	2.787341e-06	
235	1.943116e-08	-7.99670e-01	1.200000e+00	-2.78728e-06	
236	1.953116e-08	-8.00330e-01	1.200000e+00	2.787211e-06	
237	1.963116e-08	-7.99670e-01	1.200000e+00	-2.78715e-06	
238	1.973116e-08	-8.00330e-01	1.200000e+00	2.787081e-06	
239	1.983116e-08	-7.99670e-01	1.200000e+00	-2.78702e-06	
240	1.993116e-08	-8.00330e-01	1.200000e+00	2.786951e-06	
241	2.000000e-08	-7.99671e-01	1.200000e+00	-2.78686e-06	

********************************************************************************
Transient Analysis  Tue Aug 18 15:49:49  2026
--------------------------------------------------------------------------------
Index   time            v(rbl)          v(sn)           v(vdd)          
--------------------------------------------------------------------------------
0	0.000000e+00	2.399951e-05	-5.18664e-10	1.200000e+00	
1	1.000000e-12	2.399951e-05	-5.18664e-10	1.200000e+00	
2	2.000000e-12	2.399951e-05	-5.18664e-10	1.200000e+00	
3	4.000000e-12	2.399951e-05	-5.18664e-10	1.200000e+00	
4	8.000000e-12	2.399951e-05	-5.18664e-10	1.200000e+00	
5	1.600000e-11	2.399951e-05	-5.18664e-10	1.200000e+00	
6	3.200000e-11	2.399951e-05	-5.18664e-10	1.200000e+00	
7	6.400000e-11	2.399951e-05	-5.18664e-10	1.200000e+00	
8	1.280000e-10	2.399951e-05	-5.18664e-10	1.200000e+00	
9	2.280000e-10	2.399951e-05	-5.18664e-10	1.200000e+00	
10	3.280000e-10	2.399951e-05	-5.18664e-10	1.200000e+00	
11	4.280000e-10	2.399951e-05	-5.18664e-10	1.200000e+00	
12	5.280000e-10	2.399951e-05	-5.18664e-10	1.200000e+00	
13	6.280000e-10	2.399951e-05	-5.18664e-10	1.200000e+00	
14	7.280000e-10	2.399951e-05	-5.18664e-10	1.200000e+00	
15	8.280000e-10	2.399951e-05	-5.18664e-10	1.200000e+00	
16	9.280000e-10	2.399951e-05	-5.18664e-10	1.200000e+00	
17	1.000000e-09	2.399951e-05	-5.18664e-10	1.200000e+00	
18	1.000010e-09	2.912089e-05	5.229536e-03	1.200000e+00	
19	1.000030e-09	2.970073e-05	1.606457e-02	1.200000e+00	
20	1.000070e-09	2.915948e-05	3.777594e-02	1.200000e+00	
21	1.000100e-09	2.967382e-05	5.403851e-02	1.200000e+00	
22	1.000108e-09	2.438905e-05	5.423864e-02	1.200000e+00	
23	1.000124e-09	2.365395e-05	5.425830e-02	1.200000e+00	
24	1.000156e-09	2.432826e-05	5.424561e-02	1.200000e+00	
25	1.000220e-09	2.368241e-05	5.426926e-02	1.200000e+00	
26	1.000348e-09	2.431448e-05	5.426895e-02	1.200000e+00	
27	1.000604e-09	2.368919e-05	5.431525e-02	1.200000e+00	
28	1.001116e-09	2.431112e-05	5.436127e-02	1.200000e+00	
29	1.002140e-09	2.369087e-05	5.449971e-02	1.200000e+00	
30	1.004188e-09	2.431028e-05	5.473028e-02	1.200000e+00	
31	1.008284e-09	2.369128e-05	5.523768e-02	1.200000e+00	
32	1.016476e-09	2.431008e-05	5.620625e-02	1.200000e+00	
33	1.032860e-09	2.369139e-05	5.818962e-02	1.200000e+00	
34	1.065628e-09	2.431002e-05	6.211013e-02	1.200000e+00	
35	1.131164e-09	2.369141e-05	6.999737e-02	1.200000e+00	
36	1.231164e-09	2.431001e-05	8.199342e-02	1.200000e+00	
37	1.331164e-09	2.369142e-05	9.402029e-02	1.200000e+00	
38	1.431164e-09	2.431000e-05	1.060163e-01	1.200000e+00	
39	1.531164e-09	2.369143e-05	1.180432e-01	1.200000e+00	
40	1.631164e-09	2.430998e-05	1.300393e-01	1.200000e+00	
41	1.731164e-09	2.369144e-05	1.420661e-01	1.200000e+00	
42	1.831164e-09	2.430997e-05	1.540622e-01	1.200000e+00	
43	1.931164e-09	2.369146e-05	1.660890e-01	1.200000e+00	
44	2.031164e-09	2.430996e-05	1.780851e-01	1.200000e+00	
45	2.131164e-09	2.369147e-05	1.901119e-01	1.200000e+00	
46	2.231164e-09	2.430995e-05	2.021080e-01	1.200000e+00	
47	2.331164e-09	2.369148e-05	2.141348e-01	1.200000e+00	
48	2.431164e-09	2.430993e-05	2.261309e-01	1.200000e+00	
49	2.531164e-09	2.369149e-05	2.381577e-01	1.200000e+00	
50	2.631164e-09	2.430992e-05	2.501538e-01	1.200000e+00	
51	2.731164e-09	2.369149e-05	2.621806e-01	1.200000e+00	
52	2.831164e-09	2.430991e-05	2.741766e-01	1.200000e+00	
53	2.931164e-09	2.369150e-05	2.862035e-01	1.200000e+00	
54	3.031164e-09	2.430989e-05	2.981995e-01	1.200000e+00	

Index   time            v(rbl)          v(sn)           v(vdd)          
--------------------------------------------------------------------------------
55	3.131164e-09	2.369151e-05	3.102264e-01	1.200000e+00	
56	3.231164e-09	2.430988e-05	3.222224e-01	1.200000e+00	
57	3.331164e-09	2.369152e-05	3.342493e-01	1.200000e+00	
58	3.431164e-09	2.430986e-05	3.462453e-01	1.200000e+00	
59	3.531164e-09	2.369153e-05	3.582721e-01	1.200000e+00	
60	3.631164e-09	2.430985e-05	3.702682e-01	1.200000e+00	
61	3.731164e-09	2.369154e-05	3.822950e-01	1.200000e+00	
62	3.831164e-09	2.430984e-05	3.942910e-01	1.200000e+00	
63	3.931164e-09	2.369155e-05	4.063179e-01	1.200000e+00	
64	4.031164e-09	2.430982e-05	4.183139e-01	1.200000e+00	
65	4.131164e-09	2.369155e-05	4.303407e-01	1.200000e+00	
66	4.231164e-09	2.430981e-05	4.423367e-01	1.200000e+00	
67	4.331164e-09	2.369156e-05	4.543636e-01	1.200000e+00	
68	4.431164e-09	2.430979e-05	4.663596e-01	1.200000e+00	
69	4.531164e-09	2.369157e-05	4.783864e-01	1.200000e+00	
70	4.631164e-09	2.430977e-05	4.903824e-01	1.200000e+00	
71	4.731164e-09	2.369158e-05	5.024093e-01	1.200000e+00	
72	4.831164e-09	2.430976e-05	5.144053e-01	1.200000e+00	
73	4.931164e-09	2.369158e-05	5.264321e-01	1.200000e+00	
74	5.031164e-09	2.430974e-05	5.384281e-01	1.200000e+00	
75	5.131164e-09	2.369159e-05	5.504549e-01	1.200000e+00	
76	5.231164e-09	2.430972e-05	5.624509e-01	1.200000e+00	
77	5.331164e-09	2.369159e-05	5.744778e-01	1.200000e+00	
78	5.431164e-09	2.430971e-05	5.864738e-01	1.200000e+00	
79	5.531164e-09	2.369160e-05	5.985006e-01	1.200000e+00	
80	5.631164e-09	2.430969e-05	6.104966e-01	1.200000e+00	
81	5.731164e-09	2.369160e-05	6.225234e-01	1.200000e+00	
82	5.831164e-09	2.430967e-05	6.345194e-01	1.200000e+00	
83	5.931164e-09	2.369161e-05	6.465462e-01	1.200000e+00	
84	6.031164e-09	2.430965e-05	6.585422e-01	1.200000e+00	
85	6.131164e-09	2.369161e-05	6.705690e-01	1.200000e+00	
86	6.231164e-09	2.430963e-05	6.825650e-01	1.200000e+00	
87	6.331164e-09	2.369161e-05	6.945918e-01	1.200000e+00	
88	6.431164e-09	2.430961e-05	7.065879e-01	1.200000e+00	
89	6.531164e-09	2.369162e-05	7.186147e-01	1.200000e+00	
90	6.631164e-09	2.430959e-05	7.306107e-01	1.200000e+00	
91	6.731164e-09	2.369162e-05	7.426375e-01	1.200000e+00	
92	6.831164e-09	2.430957e-05	7.546335e-01	1.200000e+00	
93	6.931164e-09	2.369162e-05	7.666602e-01	1.200000e+00	
94	7.031164e-09	2.430955e-05	7.786562e-01	1.200000e+00	
95	7.131164e-09	2.369162e-05	7.906830e-01	1.200000e+00	
96	7.231164e-09	2.430952e-05	8.026790e-01	1.200000e+00	
97	7.331164e-09	2.369162e-05	8.147058e-01	1.200000e+00	
98	7.431164e-09	2.430948e-05	8.265984e-01	1.200000e+00	
99	7.531164e-09	2.369156e-05	8.382278e-01	1.200000e+00	
100	7.631164e-09	2.430939e-05	8.494651e-01	1.200000e+00	
101	7.731164e-09	2.369149e-05	8.603824e-01	1.200000e+00	
102	7.831164e-09	2.430930e-05	8.709306e-01	1.200000e+00	
103	7.931164e-09	2.369143e-05	8.811803e-01	1.200000e+00	
104	8.031164e-09	2.430921e-05	8.910816e-01	1.200000e+00	
105	8.131164e-09	2.369137e-05	9.007045e-01	1.200000e+00	
106	8.231164e-09	2.430913e-05	9.099985e-01	1.200000e+00	
107	8.331164e-09	2.369131e-05	9.190331e-01	1.200000e+00	
108	8.431164e-09	2.430905e-05	9.277570e-01	1.200000e+00	
109	8.531164e-09	2.369125e-05	9.362393e-01	1.200000e+00	
110	8.631164e-09	2.430897e-05	9.444279e-01	1.200000e+00	
111	8.731164e-09	2.369120e-05	9.523917e-01	1.200000e+00	
112	8.831164e-09	2.430890e-05	9.600780e-01	1.200000e+00	

Index   time            v(rbl)          v(sn)           v(vdd)          
--------------------------------------------------------------------------------
113	8.931164e-09	2.369116e-05	9.675550e-01	1.200000e+00	
114	9.031164e-09	2.430884e-05	9.747696e-01	1.200000e+00	
115	9.131164e-09	2.369112e-05	9.817897e-01	1.200000e+00	
116	9.231164e-09	2.430877e-05	9.885615e-01	1.200000e+00	
117	9.331164e-09	2.369108e-05	9.951526e-01	1.200000e+00	
118	9.431164e-09	2.430871e-05	1.001509e+00	1.200000e+00	
119	9.531164e-09	2.369104e-05	1.007697e+00	1.200000e+00	
120	9.631164e-09	2.430865e-05	1.013663e+00	1.200000e+00	
121	9.731164e-09	2.369100e-05	1.019474e+00	1.200000e+00	
122	9.831164e-09	2.430860e-05	1.025073e+00	1.200000e+00	
123	9.931164e-09	2.369097e-05	1.030529e+00	1.200000e+00	
124	1.003116e-08	2.430854e-05	1.035785e+00	1.200000e+00	
125	1.013116e-08	2.369094e-05	1.040907e+00	1.200000e+00	
126	1.023116e-08	2.430849e-05	1.045840e+00	1.200000e+00	
127	1.033116e-08	2.369092e-05	1.050650e+00	1.200000e+00	
128	1.043116e-08	2.430844e-05	1.055280e+00	1.200000e+00	
129	1.053116e-08	2.369089e-05	1.059796e+00	1.200000e+00	
130	1.063116e-08	2.430840e-05	1.064141e+00	1.200000e+00	
131	1.073116e-08	2.369087e-05	1.068382e+00	1.200000e+00	
132	1.083116e-08	2.430835e-05	1.072460e+00	1.200000e+00	
133	1.093116e-08	2.369085e-05	1.076442e+00	1.200000e+00	
134	1.100000e-08	2.430831e-05	1.079085e+00	1.200000e+00	
135	1.100001e-08	1.889162e-05	1.073863e+00	1.200000e+00	
136	1.100003e-08	1.828551e-05	1.063028e+00	1.200000e+00	
137	1.100007e-08	1.885137e-05	1.041316e+00	1.200000e+00	
138	1.100010e-08	1.831471e-05	1.025056e+00	1.200000e+00	
139	1.100011e-08	2.361034e-05	1.024856e+00	1.200000e+00	
140	1.100012e-08	2.434652e-05	1.024839e+00	1.200000e+00	
141	1.100016e-08	2.367120e-05	1.024855e+00	1.200000e+00	
142	1.100022e-08	2.431802e-05	1.024839e+00	1.200000e+00	
143	1.100035e-08	2.368500e-05	1.024855e+00	1.200000e+00	
144	1.100060e-08	2.431123e-05	1.024839e+00	1.200000e+00	
145	1.100112e-08	2.368837e-05	1.024855e+00	1.200000e+00	
146	1.100214e-08	2.430955e-05	1.024839e+00	1.200000e+00	
147	1.100419e-08	2.368920e-05	1.024855e+00	1.200000e+00	
148	1.100828e-08	2.430914e-05	1.024839e+00	1.200000e+00	
149	1.101648e-08	2.368941e-05	1.024855e+00	1.200000e+00	
150	1.103286e-08	2.430903e-05	1.024839e+00	1.200000e+00	
151	1.106563e-08	2.368946e-05	1.024855e+00	1.200000e+00	
152	1.113116e-08	2.430900e-05	1.024839e+00	1.200000e+00	
153	1.123116e-08	2.368948e-05	1.024855e+00	1.200000e+00	
154	1.133116e-08	2.430899e-05	1.024839e+00	1.200000e+00	
155	1.143116e-08	2.368949e-05	1.024854e+00	1.200000e+00	
156	1.153116e-08	2.430898e-05	1.024839e+00	1.200000e+00	
157	1.163116e-08	2.368950e-05	1.024854e+00	1.200000e+00	
158	1.173116e-08	2.430897e-05	1.024839e+00	1.200000e+00	
159	1.183116e-08	2.368951e-05	1.024854e+00	1.200000e+00	
160	1.193116e-08	2.430896e-05	1.024839e+00	1.200000e+00	
161	1.203116e-08	2.368952e-05	1.024854e+00	1.200000e+00	
162	1.213116e-08	2.430895e-05	1.024838e+00	1.200000e+00	
163	1.223116e-08	2.368954e-05	1.024854e+00	1.200000e+00	
164	1.233116e-08	2.430894e-05	1.024838e+00	1.200000e+00	
165	1.243116e-08	2.368955e-05	1.024853e+00	1.200000e+00	
166	1.253116e-08	2.430892e-05	1.024838e+00	1.200000e+00	
167	1.263116e-08	2.368956e-05	1.024853e+00	1.200000e+00	
168	1.273116e-08	2.430891e-05	1.024838e+00	1.200000e+00	
169	1.283116e-08	2.368957e-05	1.024853e+00	1.200000e+00	
170	1.293116e-08	2.430890e-05	1.024838e+00	1.200000e+00	

Index   time            v(rbl)          v(sn)           v(vdd)          
--------------------------------------------------------------------------------
171	1.303116e-08	2.368958e-05	1.024853e+00	1.200000e+00	
172	1.313116e-08	2.430889e-05	1.024837e+00	1.200000e+00	
173	1.323116e-08	2.368959e-05	1.024853e+00	1.200000e+00	
174	1.333116e-08	2.430888e-05	1.024837e+00	1.200000e+00	
175	1.343116e-08	2.368960e-05	1.024853e+00	1.200000e+00	
176	1.353116e-08	2.430887e-05	1.024837e+00	1.200000e+00	
177	1.363116e-08	2.368962e-05	1.024852e+00	1.200000e+00	
178	1.373116e-08	2.430886e-05	1.024837e+00	1.200000e+00	
179	1.383116e-08	2.368963e-05	1.024852e+00	1.200000e+00	
180	1.393116e-08	2.430885e-05	1.024837e+00	1.200000e+00	
181	1.403116e-08	2.368964e-05	1.024852e+00	1.200000e+00	
182	1.413116e-08	2.430883e-05	1.024836e+00	1.200000e+00	
183	1.423116e-08	2.368965e-05	1.024852e+00	1.200000e+00	
184	1.433116e-08	2.430882e-05	1.024836e+00	1.200000e+00	
185	1.443116e-08	2.368966e-05	1.024852e+00	1.200000e+00	
186	1.453116e-08	2.430881e-05	1.024836e+00	1.200000e+00	
187	1.463116e-08	2.368967e-05	1.024851e+00	1.200000e+00	
188	1.473116e-08	2.430880e-05	1.024836e+00	1.200000e+00	
189	1.483116e-08	2.368968e-05	1.024851e+00	1.200000e+00	
190	1.493116e-08	2.430879e-05	1.024836e+00	1.200000e+00	
191	1.503116e-08	2.368970e-05	1.024851e+00	1.200000e+00	
192	1.513116e-08	2.430878e-05	1.024835e+00	1.200000e+00	
193	1.523116e-08	2.368971e-05	1.024851e+00	1.200000e+00	
194	1.533116e-08	2.430877e-05	1.024835e+00	1.200000e+00	
195	1.543116e-08	2.368972e-05	1.024851e+00	1.200000e+00	
196	1.553116e-08	2.430875e-05	1.024835e+00	1.200000e+00	
197	1.563116e-08	2.368973e-05	1.024850e+00	1.200000e+00	
198	1.573116e-08	2.430874e-05	1.024835e+00	1.200000e+00	
199	1.583116e-08	2.368974e-05	1.024850e+00	1.200000e+00	
200	1.593116e-08	2.430873e-05	1.024835e+00	1.200000e+00	
201	1.603116e-08	2.368975e-05	1.024850e+00	1.200000e+00	
202	1.613116e-08	2.430872e-05	1.024834e+00	1.200000e+00	
203	1.623116e-08	2.368976e-05	1.024850e+00	1.200000e+00	
204	1.633116e-08	2.430871e-05	1.024834e+00	1.200000e+00	
205	1.643116e-08	2.368978e-05	1.024850e+00	1.200000e+00	
206	1.653116e-08	2.430870e-05	1.024834e+00	1.200000e+00	
207	1.663116e-08	2.368979e-05	1.024849e+00	1.200000e+00	
208	1.673116e-08	2.430869e-05	1.024834e+00	1.200000e+00	
209	1.683116e-08	2.368980e-05	1.024849e+00	1.200000e+00	
210	1.693116e-08	2.430867e-05	1.024834e+00	1.200000e+00	
211	1.703116e-08	2.368981e-05	1.024849e+00	1.200000e+00	
212	1.713116e-08	2.430866e-05	1.024834e+00	1.200000e+00	
213	1.723116e-08	2.368982e-05	1.024849e+00	1.200000e+00	
214	1.733116e-08	2.430865e-05	1.024833e+00	1.200000e+00	
215	1.743116e-08	2.368983e-05	1.024849e+00	1.200000e+00	
216	1.753116e-08	2.430864e-05	1.024833e+00	1.200000e+00	
217	1.763116e-08	2.368984e-05	1.024848e+00	1.200000e+00	
218	1.773116e-08	2.430863e-05	1.024833e+00	1.200000e+00	
219	1.783116e-08	2.368986e-05	1.024848e+00	1.200000e+00	
220	1.793116e-08	2.430862e-05	1.024833e+00	1.200000e+00	
221	1.803116e-08	2.368987e-05	1.024848e+00	1.200000e+00	
222	1.813116e-08	2.430861e-05	1.024833e+00	1.200000e+00	
223	1.823116e-08	2.368988e-05	1.024848e+00	1.200000e+00	
224	1.833116e-08	2.430859e-05	1.024832e+00	1.200000e+00	
225	1.843116e-08	2.368989e-05	1.024848e+00	1.200000e+00	
226	1.853116e-08	2.430858e-05	1.024832e+00	1.200000e+00	
227	1.863116e-08	2.368990e-05	1.024847e+00	1.200000e+00	
228	1.873116e-08	2.430857e-05	1.024832e+00	1.200000e+00	

Index   time            v(rbl)          v(sn)           v(vdd)          
--------------------------------------------------------------------------------
229	1.883116e-08	2.368991e-05	1.024847e+00	1.200000e+00	
230	1.893116e-08	2.430856e-05	1.024832e+00	1.200000e+00	
231	1.903116e-08	2.368992e-05	1.024847e+00	1.200000e+00	
232	1.913116e-08	2.430855e-05	1.024832e+00	1.200000e+00	
233	1.923116e-08	2.368993e-05	1.024847e+00	1.200000e+00	
234	1.933116e-08	2.430854e-05	1.024831e+00	1.200000e+00	
235	1.943116e-08	2.368995e-05	1.024847e+00	1.200000e+00	
236	1.953116e-08	2.430853e-05	1.024831e+00	1.200000e+00	
237	1.963116e-08	2.368996e-05	1.024847e+00	1.200000e+00	
238	1.973116e-08	2.430851e-05	1.024831e+00	1.200000e+00	
239	1.983116e-08	2.368997e-05	1.024846e+00	1.200000e+00	
240	1.993116e-08	2.430850e-05	1.024831e+00	1.200000e+00	
241	2.000000e-08	2.368998e-05	1.024846e+00	1.200000e+00	

********************************************************************************
Transient Analysis  Tue Aug 18 15:49:49  2026
--------------------------------------------------------------------------------
Index   time            v_wwl#branch    v_wbl#branch    v_rbl#branch    
--------------------------------------------------------------------------------
0	0.000000e+00	0.000000e+00	0.000000e+00	1.199976e-05	
1	1.000000e-12	-5.55112e-17	1.110223e-16	1.199976e-05	
2	2.000000e-12	-5.55112e-17	1.110223e-16	1.199976e-05	
3	4.000000e-12	-5.55112e-17	1.110223e-16	1.199976e-05	
4	8.000000e-12	0.000000e+00	-1.11022e-16	1.199976e-05	
5	1.600000e-11	0.000000e+00	-1.11022e-16	1.199976e-05	
6	3.200000e-11	0.000000e+00	-1.11022e-16	1.199976e-05	
7	6.400000e-11	0.000000e+00	1.110223e-16	1.199976e-05	
8	1.280000e-10	0.000000e+00	-1.11022e-16	1.199976e-05	
9	2.280000e-10	0.000000e+00	-1.11022e-16	1.199976e-05	
10	3.280000e-10	0.000000e+00	-1.11022e-16	1.199976e-05	
11	4.280000e-10	0.000000e+00	-1.11022e-16	1.199976e-05	
12	5.280000e-10	0.000000e+00	-1.11022e-16	1.199976e-05	
13	6.280000e-10	0.000000e+00	-1.11022e-16	1.199976e-05	
14	7.280000e-10	0.000000e+00	-1.11022e-16	1.199976e-05	
15	8.280000e-10	0.000000e+00	-1.11022e-16	1.199976e-05	
16	9.280000e-10	0.000000e+00	-1.11022e-16	1.199976e-05	
17	1.000000e-09	0.000000e+00	0.000000e+00	1.199976e-05	
18	1.000010e-09	-2.76917e-03	2.560737e-06	1.456044e-05	
19	1.000030e-09	-2.96921e-03	2.850664e-06	1.485036e-05	
20	1.000070e-09	-2.78021e-03	2.580032e-06	1.457974e-05	
21	1.000100e-09	-2.96115e-03	2.720111e-06	1.483691e-05	
22	1.000108e-09	-1.32498e-04	6.809537e-08	1.219452e-05	
23	1.000124e-09	1.206459e-04	-3.00689e-07	1.182697e-05	
24	1.000156e-09	-1.15118e-04	3.760453e-08	1.216413e-05	
25	1.000220e-09	1.124587e-04	-2.86409e-07	1.184121e-05	
26	1.000348e-09	-1.11143e-04	3.069243e-08	1.215724e-05	
27	1.000604e-09	1.105006e-04	-2.83008e-07	1.184460e-05	
28	1.001116e-09	-1.10172e-04	2.900583e-08	1.215556e-05	
29	1.002140e-09	1.100164e-04	-2.82168e-07	1.184543e-05	
30	1.004188e-09	-1.09930e-04	2.858672e-08	1.215514e-05	
31	1.008284e-09	1.098956e-04	-2.81959e-07	1.184564e-05	
32	1.016476e-09	-1.09870e-04	2.848210e-08	1.215504e-05	
33	1.032860e-09	1.098655e-04	-2.81907e-07	1.184569e-05	
34	1.065628e-09	-1.09854e-04	2.845596e-08	1.215501e-05	
35	1.131164e-09	1.098579e-04	-2.81894e-07	1.184571e-05	
36	1.231164e-09	-1.09850e-04	2.844874e-08	1.215500e-05	
37	1.331164e-09	1.098547e-04	-2.81888e-07	1.184571e-05	
38	1.431164e-09	-1.09847e-04	2.844303e-08	1.215500e-05	
39	1.531164e-09	1.098514e-04	-2.81882e-07	1.184572e-05	
40	1.631164e-09	-1.09844e-04	2.843732e-08	1.215499e-05	
41	1.731164e-09	1.098481e-04	-2.81876e-07	1.184572e-05	
42	1.831164e-09	-1.09840e-04	2.843161e-08	1.215499e-05	
43	1.931164e-09	1.098448e-04	-2.81871e-07	1.184573e-05	
44	2.031164e-09	-1.09837e-04	2.842590e-08	1.215498e-05	
45	2.131164e-09	1.098415e-04	-2.81865e-07	1.184573e-05	
46	2.231164e-09	-1.09834e-04	2.842019e-08	1.215497e-05	
47	2.331164e-09	1.098382e-04	-2.81859e-07	1.184574e-05	
48	2.431164e-09	-1.09831e-04	2.841448e-08	1.215497e-05	
49	2.531164e-09	1.098349e-04	-2.81854e-07	1.184574e-05	
50	2.631164e-09	-1.09827e-04	2.840877e-08	1.215496e-05	
51	2.731164e-09	1.098316e-04	-2.81848e-07	1.184575e-05	
52	2.831164e-09	-1.09824e-04	2.840306e-08	1.215495e-05	
53	2.931164e-09	1.098283e-04	-2.81842e-07	1.184575e-05	
54	3.031164e-09	-1.09821e-04	2.839735e-08	1.215495e-05	

Index   time            v_wwl#branch    v_wbl#branch    v_rbl#branch    
--------------------------------------------------------------------------------
55	3.131164e-09	1.098250e-04	-2.81836e-07	1.184576e-05	
56	3.231164e-09	-1.09817e-04	2.839165e-08	1.215494e-05	
57	3.331164e-09	1.098217e-04	-2.81831e-07	1.184576e-05	
58	3.431164e-09	-1.09814e-04	2.838594e-08	1.215493e-05	
59	3.531164e-09	1.098184e-04	-2.81825e-07	1.184577e-05	
60	3.631164e-09	-1.09811e-04	2.838023e-08	1.215493e-05	
61	3.731164e-09	1.098151e-04	-2.81819e-07	1.184577e-05	
62	3.831164e-09	-1.09807e-04	2.837452e-08	1.215492e-05	
63	3.931164e-09	1.098119e-04	-2.81814e-07	1.184577e-05	
64	4.031164e-09	-1.09804e-04	2.836881e-08	1.215491e-05	
65	4.131164e-09	1.098086e-04	-2.81808e-07	1.184578e-05	
66	4.231164e-09	-1.09801e-04	2.836310e-08	1.215490e-05	
67	4.331164e-09	1.098053e-04	-2.81802e-07	1.184578e-05	
68	4.431164e-09	-1.09798e-04	2.835740e-08	1.215489e-05	
69	4.531164e-09	1.098020e-04	-2.81797e-07	1.184578e-05	
70	4.631164e-09	-1.09794e-04	2.835169e-08	1.215489e-05	
71	4.731164e-09	1.097987e-04	-2.81791e-07	1.184579e-05	
72	4.831164e-09	-1.09791e-04	2.834598e-08	1.215488e-05	
73	4.931164e-09	1.097954e-04	-2.81785e-07	1.184579e-05	
74	5.031164e-09	-1.09788e-04	2.834027e-08	1.215487e-05	
75	5.131164e-09	1.097921e-04	-2.81779e-07	1.184579e-05	
76	5.231164e-09	-1.09784e-04	2.833457e-08	1.215486e-05	
77	5.331164e-09	1.097888e-04	-2.81774e-07	1.184580e-05	
78	5.431164e-09	-1.09781e-04	2.832886e-08	1.215485e-05	
79	5.531164e-09	1.097855e-04	-2.81768e-07	1.184580e-05	
80	5.631164e-09	-1.09778e-04	2.832315e-08	1.215484e-05	
81	5.731164e-09	1.097822e-04	-2.81762e-07	1.184580e-05	
82	5.831164e-09	-1.09775e-04	2.831745e-08	1.215483e-05	
83	5.931164e-09	1.097789e-04	-2.81757e-07	1.184580e-05	
84	6.031164e-09	-1.09771e-04	2.831174e-08	1.215483e-05	
85	6.131164e-09	1.097756e-04	-2.81751e-07	1.184581e-05	
86	6.231164e-09	-1.09768e-04	2.830603e-08	1.215482e-05	
87	6.331164e-09	1.097724e-04	-2.81745e-07	1.184581e-05	
88	6.431164e-09	-1.09765e-04	2.830033e-08	1.215481e-05	
89	6.531164e-09	1.097691e-04	-2.81739e-07	1.184581e-05	
90	6.631164e-09	-1.09761e-04	2.829462e-08	1.215480e-05	
91	6.731164e-09	1.097658e-04	-2.81734e-07	1.184581e-05	
92	6.831164e-09	-1.09758e-04	2.828892e-08	1.215478e-05	
93	6.931164e-09	1.097625e-04	-2.81728e-07	1.184581e-05	
94	7.031164e-09	-1.09755e-04	2.828321e-08	1.215477e-05	
95	7.131164e-09	1.097592e-04	-2.81722e-07	1.184581e-05	
96	7.231164e-09	-1.09752e-04	2.827750e-08	1.215476e-05	
97	7.331164e-09	1.097559e-04	-2.81717e-07	1.184581e-05	
98	7.431164e-09	-1.09748e-04	3.045334e-08	1.215474e-05	
99	7.531164e-09	1.097525e-04	-2.75506e-07	1.184578e-05	
100	7.631164e-09	-1.09745e-04	3.807014e-08	1.215469e-05	
101	7.731164e-09	1.097490e-04	-2.68100e-07	1.184575e-05	
102	7.831164e-09	-1.09742e-04	4.520425e-08	1.215465e-05	
103	7.931164e-09	1.097455e-04	-2.61147e-07	1.184571e-05	
104	8.031164e-09	-1.09739e-04	5.190113e-08	1.215460e-05	
105	8.131164e-09	1.097421e-04	-2.54620e-07	1.184568e-05	
106	8.231164e-09	-1.09736e-04	5.818754e-08	1.215456e-05	
107	8.331164e-09	1.097387e-04	-2.48492e-07	1.184565e-05	
108	8.431164e-09	-1.09733e-04	6.408863e-08	1.215452e-05	
109	8.531164e-09	1.097352e-04	-2.42739e-07	1.184563e-05	
110	8.631164e-09	-1.09729e-04	6.962798e-08	1.215449e-05	
111	8.731164e-09	1.097318e-04	-2.37338e-07	1.184560e-05	
112	8.831164e-09	-1.09726e-04	7.482776e-08	1.215445e-05	

Index   time            v_wwl#branch    v_wbl#branch    v_rbl#branch    
--------------------------------------------------------------------------------
113	8.931164e-09	1.097284e-04	-2.32267e-07	1.184558e-05	
114	9.031164e-09	-1.09723e-04	7.970876e-08	1.215442e-05	
115	9.131164e-09	1.097250e-04	-2.27506e-07	1.184556e-05	
116	9.231164e-09	-1.09720e-04	8.429050e-08	1.215439e-05	
117	9.331164e-09	1.097216e-04	-2.23037e-07	1.184554e-05	
118	9.431164e-09	-1.09717e-04	8.859131e-08	1.215436e-05	
119	9.531164e-09	1.097182e-04	-2.18841e-07	1.184552e-05	
120	9.631164e-09	-1.09714e-04	9.262839e-08	1.215433e-05	
121	9.731164e-09	1.097148e-04	-2.14902e-07	1.184550e-05	
122	9.831164e-09	-1.09710e-04	9.641789e-08	1.215430e-05	
123	9.931164e-09	1.097115e-04	-2.11203e-07	1.184549e-05	
124	1.003116e-08	-1.09707e-04	9.997497e-08	1.215427e-05	
125	1.013116e-08	1.097081e-04	-2.07731e-07	1.184547e-05	
126	1.023116e-08	-1.09704e-04	1.033139e-07	1.215425e-05	
127	1.033116e-08	1.097047e-04	-2.04471e-07	1.184546e-05	
128	1.043116e-08	-1.09701e-04	1.064480e-07	1.215422e-05	
129	1.053116e-08	1.097014e-04	-2.01410e-07	1.184545e-05	
130	1.063116e-08	-1.09698e-04	1.093898e-07	1.215420e-05	
131	1.073116e-08	1.096980e-04	-1.98536e-07	1.184543e-05	
132	1.083116e-08	-1.09694e-04	1.121511e-07	1.215418e-05	
133	1.093116e-08	1.096947e-04	-1.95838e-07	1.184542e-05	
134	1.100000e-08	-1.09690e-04	1.143459e-07	1.215416e-05	
135	1.100001e-08	2.765205e-03	-2.56231e-06	9.445808e-06	
136	1.100003e-08	2.972890e-03	-2.85646e-06	9.142755e-06	
137	1.100007e-08	2.776665e-03	-2.57449e-06	9.425687e-06	
138	1.100010e-08	2.964520e-03	-2.84190e-06	9.157354e-06	
139	1.100011e-08	1.326517e-04	-1.94445e-07	1.180517e-05	
140	1.100012e-08	-1.20780e-04	1.736369e-07	1.217326e-05	
141	1.100016e-08	1.152518e-04	-1.64013e-07	1.183560e-05	
142	1.100022e-08	-1.12584e-04	1.593846e-07	1.215901e-05	
143	1.100035e-08	1.112729e-04	-1.57115e-07	1.184250e-05	
144	1.100060e-08	-1.10623e-04	1.559908e-07	1.215561e-05	
145	1.100112e-08	1.102998e-04	-1.55432e-07	1.184418e-05	
146	1.100214e-08	-1.10138e-04	1.551526e-07	1.215478e-05	
147	1.100419e-08	1.100579e-04	-1.55013e-07	1.184460e-05	
148	1.100828e-08	-1.10018e-04	1.549437e-07	1.215457e-05	
149	1.101648e-08	1.099975e-04	-1.54909e-07	1.184471e-05	
150	1.103286e-08	-1.09987e-04	1.548915e-07	1.215452e-05	
151	1.106563e-08	1.099824e-04	-1.54883e-07	1.184473e-05	
152	1.113116e-08	-1.09980e-04	1.548784e-07	1.215450e-05	
153	1.123116e-08	1.099782e-04	-1.54876e-07	1.184474e-05	
154	1.133116e-08	-1.09977e-04	1.548727e-07	1.215450e-05	
155	1.143116e-08	1.099749e-04	-1.54870e-07	1.184475e-05	
156	1.153116e-08	-1.09973e-04	1.548670e-07	1.215449e-05	
157	1.163116e-08	1.099716e-04	-1.54864e-07	1.184475e-05	
158	1.173116e-08	-1.09970e-04	1.548613e-07	1.215449e-05	
159	1.183116e-08	1.099683e-04	-1.54858e-07	1.184476e-05	
160	1.193116e-08	-1.09967e-04	1.548556e-07	1.215448e-05	
161	1.203116e-08	1.099650e-04	-1.54853e-07	1.184476e-05	
162	1.213116e-08	-1.09963e-04	1.548499e-07	1.215447e-05	
163	1.223116e-08	1.099618e-04	-1.54847e-07	1.184477e-05	
164	1.233116e-08	-1.09960e-04	1.548442e-07	1.215447e-05	
165	1.243116e-08	1.099585e-04	-1.54841e-07	1.184477e-05	
166	1.253116e-08	-1.09957e-04	1.548385e-07	1.215446e-05	
167	1.263116e-08	1.099552e-04	-1.54836e-07	1.184478e-05	
168	1.273116e-08	-1.09954e-04	1.548328e-07	1.215446e-05	
169	1.283116e-08	1.099519e-04	-1.54830e-07	1.184479e-05	
170	1.293116e-08	-1.09950e-04	1.548271e-07	1.215445e-05	

Index   time            v_wwl#branch    v_wbl#branch    v_rbl#branch    
--------------------------------------------------------------------------------
171	1.303116e-08	1.099486e-04	-1.54824e-07	1.184479e-05	
172	1.313116e-08	-1.09947e-04	1.548214e-07	1.215445e-05	
173	1.323116e-08	1.099453e-04	-1.54819e-07	1.184480e-05	
174	1.333116e-08	-1.09944e-04	1.548157e-07	1.215444e-05	
175	1.343116e-08	1.099420e-04	-1.54813e-07	1.184480e-05	
176	1.353116e-08	-1.09940e-04	1.548100e-07	1.215443e-05	
177	1.363116e-08	1.099387e-04	-1.54807e-07	1.184481e-05	
178	1.373116e-08	-1.09937e-04	1.548043e-07	1.215443e-05	
179	1.383116e-08	1.099354e-04	-1.54802e-07	1.184481e-05	
180	1.393116e-08	-1.09934e-04	1.547987e-07	1.215442e-05	
181	1.403116e-08	1.099321e-04	-1.54796e-07	1.184482e-05	
182	1.413116e-08	-1.09930e-04	1.547930e-07	1.215442e-05	
183	1.423116e-08	1.099288e-04	-1.54790e-07	1.184483e-05	
184	1.433116e-08	-1.09927e-04	1.547873e-07	1.215441e-05	
185	1.443116e-08	1.099255e-04	-1.54784e-07	1.184483e-05	
186	1.453116e-08	-1.09924e-04	1.547816e-07	1.215441e-05	
187	1.463116e-08	1.099222e-04	-1.54779e-07	1.184484e-05	
188	1.473116e-08	-1.09921e-04	1.547759e-07	1.215440e-05	
189	1.483116e-08	1.099189e-04	-1.54773e-07	1.184484e-05	
190	1.493116e-08	-1.09917e-04	1.547702e-07	1.215439e-05	
191	1.503116e-08	1.099156e-04	-1.54767e-07	1.184485e-05	
192	1.513116e-08	-1.09914e-04	1.547645e-07	1.215439e-05	
193	1.523116e-08	1.099123e-04	-1.54762e-07	1.184485e-05	
194	1.533116e-08	-1.09911e-04	1.547588e-07	1.215438e-05	
195	1.543116e-08	1.099090e-04	-1.54756e-07	1.184486e-05	
196	1.553116e-08	-1.09907e-04	1.547531e-07	1.215438e-05	
197	1.563116e-08	1.099057e-04	-1.54750e-07	1.184487e-05	
198	1.573116e-08	-1.09904e-04	1.547474e-07	1.215437e-05	
199	1.583116e-08	1.099024e-04	-1.54745e-07	1.184487e-05	
200	1.593116e-08	-1.09901e-04	1.547417e-07	1.215437e-05	
201	1.603116e-08	1.098991e-04	-1.54739e-07	1.184488e-05	
202	1.613116e-08	-1.09897e-04	1.547360e-07	1.215436e-05	
203	1.623116e-08	1.098958e-04	-1.54733e-07	1.184488e-05	
204	1.633116e-08	-1.09894e-04	1.547303e-07	1.215435e-05	
205	1.643116e-08	1.098925e-04	-1.54727e-07	1.184489e-05	
206	1.653116e-08	-1.09891e-04	1.547246e-07	1.215435e-05	
207	1.663116e-08	1.098892e-04	-1.54722e-07	1.184489e-05	
208	1.673116e-08	-1.09888e-04	1.547189e-07	1.215434e-05	
209	1.683116e-08	1.098860e-04	-1.54716e-07	1.184490e-05	
210	1.693116e-08	-1.09884e-04	1.547132e-07	1.215434e-05	
211	1.703116e-08	1.098827e-04	-1.54710e-07	1.184490e-05	
212	1.713116e-08	-1.09881e-04	1.547075e-07	1.215433e-05	
213	1.723116e-08	1.098794e-04	-1.54705e-07	1.184491e-05	
214	1.733116e-08	-1.09878e-04	1.547018e-07	1.215433e-05	
215	1.743116e-08	1.098761e-04	-1.54699e-07	1.184492e-05	
216	1.753116e-08	-1.09874e-04	1.546961e-07	1.215432e-05	
217	1.763116e-08	1.098728e-04	-1.54693e-07	1.184492e-05	
218	1.773116e-08	-1.09871e-04	1.546904e-07	1.215431e-05	
219	1.783116e-08	1.098695e-04	-1.54688e-07	1.184493e-05	
220	1.793116e-08	-1.09868e-04	1.546848e-07	1.215431e-05	
221	1.803116e-08	1.098662e-04	-1.54682e-07	1.184493e-05	
222	1.813116e-08	-1.09865e-04	1.546791e-07	1.215430e-05	
223	1.823116e-08	1.098629e-04	-1.54676e-07	1.184494e-05	
224	1.833116e-08	-1.09861e-04	1.546734e-07	1.215430e-05	
225	1.843116e-08	1.098596e-04	-1.54671e-07	1.184494e-05	
226	1.853116e-08	-1.09858e-04	1.546677e-07	1.215429e-05	
227	1.863116e-08	1.098563e-04	-1.54665e-07	1.184495e-05	
228	1.873116e-08	-1.09855e-04	1.546620e-07	1.215429e-05	

Index   time            v_wwl#branch    v_wbl#branch    v_rbl#branch    
--------------------------------------------------------------------------------
229	1.883116e-08	1.098530e-04	-1.54659e-07	1.184496e-05	
230	1.893116e-08	-1.09851e-04	1.546563e-07	1.215428e-05	
231	1.903116e-08	1.098497e-04	-1.54653e-07	1.184496e-05	
232	1.913116e-08	-1.09848e-04	1.546506e-07	1.215427e-05	
233	1.923116e-08	1.098464e-04	-1.54648e-07	1.184497e-05	
234	1.933116e-08	-1.09845e-04	1.546449e-07	1.215427e-05	
235	1.943116e-08	1.098431e-04	-1.54642e-07	1.184497e-05	
236	1.953116e-08	-1.09841e-04	1.546392e-07	1.215426e-05	
237	1.963116e-08	1.098398e-04	-1.54636e-07	1.184498e-05	
238	1.973116e-08	-1.09838e-04	1.546335e-07	1.215426e-05	
239	1.983116e-08	1.098366e-04	-1.54631e-07	1.184498e-05	
240	1.993116e-08	-1.09835e-04	1.546278e-07	1.215425e-05	
241	2.000000e-08	1.098325e-04	-1.54624e-07	1.184499e-05	

********************************************************************************
Transient Analysis  Tue Aug 18 15:49:49  2026
--------------------------------------------------------------------------------
Index   time            v_dd#branch     
--------------------------------------------------------------------------------
0	0.000000e+00	-1.19998e-05	
1	1.000000e-12	-1.19998e-05	
2	2.000000e-12	-1.19998e-05	
3	4.000000e-12	-1.19998e-05	
4	8.000000e-12	-1.19998e-05	
5	1.600000e-11	-1.19998e-05	
6	3.200000e-11	-1.19998e-05	
7	6.400000e-11	-1.19998e-05	
8	1.280000e-10	-1.19998e-05	
9	2.280000e-10	-1.19998e-05	
10	3.280000e-10	-1.19998e-05	
11	4.280000e-10	-1.19998e-05	
12	5.280000e-10	-1.19998e-05	
13	6.280000e-10	-1.19998e-05	
14	7.280000e-10	-1.19998e-05	
15	8.280000e-10	-1.19998e-05	
16	9.280000e-10	-1.19998e-05	
17	1.000000e-09	-1.19998e-05	
18	1.000010e-09	-1.19997e-05	
19	1.000030e-09	-1.19997e-05	
20	1.000070e-09	-1.19997e-05	
21	1.000100e-09	-1.19997e-05	
22	1.000108e-09	-1.19998e-05	
23	1.000124e-09	-1.19998e-05	
24	1.000156e-09	-1.19998e-05	
25	1.000220e-09	-1.19998e-05	
26	1.000348e-09	-1.19998e-05	
27	1.000604e-09	-1.19998e-05	
28	1.001116e-09	-1.19998e-05	
29	1.002140e-09	-1.19998e-05	
30	1.004188e-09	-1.19998e-05	
31	1.008284e-09	-1.19998e-05	
32	1.016476e-09	-1.19998e-05	
33	1.032860e-09	-1.19998e-05	
34	1.065628e-09	-1.19998e-05	
35	1.131164e-09	-1.19998e-05	
36	1.231164e-09	-1.19998e-05	
37	1.331164e-09	-1.19998e-05	
38	1.431164e-09	-1.19998e-05	
39	1.531164e-09	-1.19998e-05	
40	1.631164e-09	-1.19998e-05	
41	1.731164e-09	-1.19998e-05	
42	1.831164e-09	-1.19998e-05	
43	1.931164e-09	-1.19998e-05	
44	2.031164e-09	-1.19998e-05	
45	2.131164e-09	-1.19998e-05	
46	2.231164e-09	-1.19998e-05	
47	2.331164e-09	-1.19998e-05	
48	2.431164e-09	-1.19998e-05	
49	2.531164e-09	-1.19998e-05	
50	2.631164e-09	-1.19998e-05	
51	2.731164e-09	-1.19998e-05	
52	2.831164e-09	-1.19998e-05	
53	2.931164e-09	-1.19998e-05	
54	3.031164e-09	-1.19998e-05	

Index   time            v_dd#branch     
--------------------------------------------------------------------------------
55	3.131164e-09	-1.19998e-05	
56	3.231164e-09	-1.19998e-05	
57	3.331164e-09	-1.19998e-05	
58	3.431164e-09	-1.19998e-05	
59	3.531164e-09	-1.19998e-05	
60	3.631164e-09	-1.19998e-05	
61	3.731164e-09	-1.19998e-05	
62	3.831164e-09	-1.19998e-05	
63	3.931164e-09	-1.19998e-05	
64	4.031164e-09	-1.19998e-05	
65	4.131164e-09	-1.19998e-05	
66	4.231164e-09	-1.19998e-05	
67	4.331164e-09	-1.19998e-05	
68	4.431164e-09	-1.19998e-05	
69	4.531164e-09	-1.19998e-05	
70	4.631164e-09	-1.19998e-05	
71	4.731164e-09	-1.19998e-05	
72	4.831164e-09	-1.19998e-05	
73	4.931164e-09	-1.19998e-05	
74	5.031164e-09	-1.19998e-05	
75	5.131164e-09	-1.19998e-05	
76	5.231164e-09	-1.19998e-05	
77	5.331164e-09	-1.19998e-05	
78	5.431164e-09	-1.19998e-05	
79	5.531164e-09	-1.19998e-05	
80	5.631164e-09	-1.19998e-05	
81	5.731164e-09	-1.19998e-05	
82	5.831164e-09	-1.19998e-05	
83	5.931164e-09	-1.19998e-05	
84	6.031164e-09	-1.19998e-05	
85	6.131164e-09	-1.19998e-05	
86	6.231164e-09	-1.19998e-05	
87	6.331164e-09	-1.19998e-05	
88	6.431164e-09	-1.19998e-05	
89	6.531164e-09	-1.19998e-05	
90	6.631164e-09	-1.19998e-05	
91	6.731164e-09	-1.19998e-05	
92	6.831164e-09	-1.19998e-05	
93	6.931164e-09	-1.19998e-05	
94	7.031164e-09	-1.19998e-05	
95	7.131164e-09	-1.19998e-05	
96	7.231164e-09	-1.19998e-05	
97	7.331164e-09	-1.19998e-05	
98	7.431164e-09	-1.19998e-05	
99	7.531164e-09	-1.19998e-05	
100	7.631164e-09	-1.19998e-05	
101	7.731164e-09	-1.19998e-05	
102	7.831164e-09	-1.19998e-05	
103	7.931164e-09	-1.19998e-05	
104	8.031164e-09	-1.19998e-05	
105	8.131164e-09	-1.19998e-05	
106	8.231164e-09	-1.19998e-05	
107	8.331164e-09	-1.19998e-05	
108	8.431164e-09	-1.19998e-05	
109	8.531164e-09	-1.19998e-05	
110	8.631164e-09	-1.19998e-05	
111	8.731164e-09	-1.19998e-05	
112	8.831164e-09	-1.19998e-05	

Index   time            v_dd#branch     
--------------------------------------------------------------------------------
113	8.931164e-09	-1.19998e-05	
114	9.031164e-09	-1.19998e-05	
115	9.131164e-09	-1.19998e-05	
116	9.231164e-09	-1.19998e-05	
117	9.331164e-09	-1.19998e-05	
118	9.431164e-09	-1.19998e-05	
119	9.531164e-09	-1.19998e-05	
120	9.631164e-09	-1.19998e-05	
121	9.731164e-09	-1.19998e-05	
122	9.831164e-09	-1.19998e-05	
123	9.931164e-09	-1.19998e-05	
124	1.003116e-08	-1.19998e-05	
125	1.013116e-08	-1.19998e-05	
126	1.023116e-08	-1.19998e-05	
127	1.033116e-08	-1.19998e-05	
128	1.043116e-08	-1.19998e-05	
129	1.053116e-08	-1.19998e-05	
130	1.063116e-08	-1.19998e-05	
131	1.073116e-08	-1.19998e-05	
132	1.083116e-08	-1.19998e-05	
133	1.093116e-08	-1.19998e-05	
134	1.100000e-08	-1.19998e-05	
135	1.100001e-08	-1.19998e-05	
136	1.100003e-08	-1.19998e-05	
137	1.100007e-08	-1.19998e-05	
138	1.100010e-08	-1.19998e-05	
139	1.100011e-08	-1.19998e-05	
140	1.100012e-08	-1.19998e-05	
141	1.100016e-08	-1.19998e-05	
142	1.100022e-08	-1.19998e-05	
143	1.100035e-08	-1.19998e-05	
144	1.100060e-08	-1.19998e-05	
145	1.100112e-08	-1.19998e-05	
146	1.100214e-08	-1.19998e-05	
147	1.100419e-08	-1.19998e-05	
148	1.100828e-08	-1.19998e-05	
149	1.101648e-08	-1.19998e-05	
150	1.103286e-08	-1.19998e-05	
151	1.106563e-08	-1.19998e-05	
152	1.113116e-08	-1.19998e-05	
153	1.123116e-08	-1.19998e-05	
154	1.133116e-08	-1.19998e-05	
155	1.143116e-08	-1.19998e-05	
156	1.153116e-08	-1.19998e-05	
157	1.163116e-08	-1.19998e-05	
158	1.173116e-08	-1.19998e-05	
159	1.183116e-08	-1.19998e-05	
160	1.193116e-08	-1.19998e-05	
161	1.203116e-08	-1.19998e-05	
162	1.213116e-08	-1.19998e-05	
163	1.223116e-08	-1.19998e-05	
164	1.233116e-08	-1.19998e-05	
165	1.243116e-08	-1.19998e-05	
166	1.253116e-08	-1.19998e-05	
167	1.263116e-08	-1.19998e-05	
168	1.273116e-08	-1.19998e-05	
169	1.283116e-08	-1.19998e-05	
170	1.293116e-08	-1.19998e-05	

Index   time            v_dd#branch     
--------------------------------------------------------------------------------
171	1.303116e-08	-1.19998e-05	
172	1.313116e-08	-1.19998e-05	
173	1.323116e-08	-1.19998e-05	
174	1.333116e-08	-1.19998e-05	
175	1.343116e-08	-1.19998e-05	
176	1.353116e-08	-1.19998e-05	
177	1.363116e-08	-1.19998e-05	
178	1.373116e-08	-1.19998e-05	
179	1.383116e-08	-1.19998e-05	
180	1.393116e-08	-1.19998e-05	
181	1.403116e-08	-1.19998e-05	
182	1.413116e-08	-1.19998e-05	
183	1.423116e-08	-1.19998e-05	
184	1.433116e-08	-1.19998e-05	
185	1.443116e-08	-1.19998e-05	
186	1.453116e-08	-1.19998e-05	
187	1.463116e-08	-1.19998e-05	
188	1.473116e-08	-1.19998e-05	
189	1.483116e-08	-1.19998e-05	
190	1.493116e-08	-1.19998e-05	
191	1.503116e-08	-1.19998e-05	
192	1.513116e-08	-1.19998e-05	
193	1.523116e-08	-1.19998e-05	
194	1.533116e-08	-1.19998e-05	
195	1.543116e-08	-1.19998e-05	
196	1.553116e-08	-1.19998e-05	
197	1.563116e-08	-1.19998e-05	
198	1.573116e-08	-1.19998e-05	
199	1.583116e-08	-1.19998e-05	
200	1.593116e-08	-1.19998e-05	
201	1.603116e-08	-1.19998e-05	
202	1.613116e-08	-1.19998e-05	
203	1.623116e-08	-1.19998e-05	
204	1.633116e-08	-1.19998e-05	
205	1.643116e-08	-1.19998e-05	
206	1.653116e-08	-1.19998e-05	
207	1.663116e-08	-1.19998e-05	
208	1.673116e-08	-1.19998e-05	
209	1.683116e-08	-1.19998e-05	
210	1.693116e-08	-1.19998e-05	
211	1.703116e-08	-1.19998e-05	
212	1.713116e-08	-1.19998e-05	
213	1.723116e-08	-1.19998e-05	
214	1.733116e-08	-1.19998e-05	
215	1.743116e-08	-1.19998e-05	
216	1.753116e-08	-1.19998e-05	
217	1.763116e-08	-1.19998e-05	
218	1.773116e-08	-1.19998e-05	
219	1.783116e-08	-1.19998e-05	
220	1.793116e-08	-1.19998e-05	
221	1.803116e-08	-1.19998e-05	
222	1.813116e-08	-1.19998e-05	
223	1.823116e-08	-1.19998e-05	
224	1.833116e-08	-1.19998e-05	
225	1.843116e-08	-1.19998e-05	
226	1.853116e-08	-1.19998e-05	
227	1.863116e-08	-1.19998e-05	
228	1.873116e-08	-1.19998e-05	

Index   time            v_dd#branch     
--------------------------------------------------------------------------------
229	1.883116e-08	-1.19998e-05	
230	1.893116e-08	-1.19998e-05	
231	1.903116e-08	-1.19998e-05	
232	1.913116e-08	-1.19998e-05	
233	1.923116e-08	-1.19998e-05	
234	1.933116e-08	-1.19998e-05	
235	1.943116e-08	-1.19998e-05	
236	1.953116e-08	-1.19998e-05	
237	1.963116e-08	-1.19998e-05	
238	1.973116e-08	-1.19998e-05	
239	1.983116e-08	-1.19998e-05	
240	1.993116e-08	-1.19998e-05	
241	2.000000e-08	-1.19998e-05	


Total analysis time (seconds) = 0.004

Total elapsed time (seconds) = 0.010 

Total DRAM available = 32616.133 MB.
DRAM currently available = 8842.836 MB.
Maximum ngspice program size =    9.758 MB.
Current ngspice program size =    9.758 MB.

