Using SPARSE 1.3 as Direct Linear Solver

Note: No compatibility mode selected!


Circuit: ********************************************************************************

Doing analysis at TEMP = 27.000000 and TNOM = 27.000000


Initial Transient Solution
--------------------------

Node                                   Voltage
----                                   -------
sn                                 -0.00272339
wwl_drv                                   -0.8
wbl_drv                                      0
rwl_drv                                      0
rbl_drv                                      0
vdd                                        1.2
wwl                                       -0.8
wbl                                5.44678e-15
rwl                                          0
rbl                                2.39995e-05
v_dd#branch                       -1.19998e-05
v_rbl#branch                       1.19998e-05
v_rwl#branch                                 0
v_wbl#branch                       2.72339e-15
v_wwl#branch                                 0


No. of Data Rows : 242
********************************************************************************
Transient Analysis  Tue Aug 18 15:49:48  2026
--------------------------------------------------------------------------------
Index   time            v(wwl)          v(wbl)          v(rwl)          
--------------------------------------------------------------------------------
0	0.000000e+00	-8.00000e-01	5.446780e-15	0.000000e+00	
1	1.000000e-12	-8.00000e-01	5.446779e-15	-2.64698e-22	
2	2.000000e-12	-8.00000e-01	5.446780e-15	-2.64698e-23	
3	4.000000e-12	-8.00000e-01	5.446780e-15	-2.64698e-23	
4	8.000000e-12	-8.00000e-01	5.446780e-15	1.191140e-22	
5	1.600000e-11	-8.00000e-01	5.446780e-15	-1.32349e-22	
6	3.200000e-11	-8.00000e-01	5.446780e-15	5.955700e-23	
7	6.400000e-11	-8.00000e-01	5.446780e-15	-6.12114e-23	
8	1.280000e-10	-8.00000e-01	5.446780e-15	6.286573e-23	
9	2.280000e-10	-8.00000e-01	5.446780e-15	-6.36929e-23	
10	3.280000e-10	-8.00000e-01	5.446780e-15	7.361907e-23	
11	4.280000e-10	-8.00000e-01	5.446780e-15	-5.79026e-23	
12	5.280000e-10	-8.00000e-01	5.446780e-15	6.782881e-23	
13	6.280000e-10	-8.00000e-01	5.446780e-15	-6.20385e-23	
14	7.280000e-10	-8.00000e-01	5.446780e-15	7.279189e-23	
15	8.280000e-10	-8.00000e-01	5.446780e-15	-6.28657e-23	
16	9.280000e-10	-8.00000e-01	5.446780e-15	6.865599e-23	
17	1.000000e-09	-8.00000e-01	5.446780e-15	-5.95570e-23	
18	1.000010e-09	-5.78308e-01	5.121473e-06	3.779841e-05	
19	1.000030e-09	-1.18908e-01	5.701329e-06	4.325878e-05	
20	1.000070e-09	8.016594e-01	5.365953e-06	3.824581e-05	
21	1.000100e-09	1.491116e+00	7.369248e-06	4.287418e-05	
22	1.000108e-09	1.499602e+00	2.137089e-06	3.650914e-06	
23	1.000124e-09	1.500362e+00	1.407674e-06	-3.28280e-06	
24	1.000156e-09	1.499655e+00	2.075686e-06	2.934529e-06	
25	1.000220e-09	1.500337e+00	1.433222e-06	-2.95226e-06	
26	1.000348e-09	1.499666e+00	2.056597e-06	2.775985e-06	
27	1.000604e-09	1.500331e+00	1.429156e-06	-2.87408e-06	
28	1.001116e-09	1.499669e+00	2.031780e-06	2.738234e-06	
29	1.002140e-09	1.500330e+00	1.388297e-06	-2.85341e-06	
30	1.004188e-09	1.499670e+00	1.947638e-06	2.731638e-06	
31	1.008284e-09	1.500330e+00	1.228736e-06	-2.84295e-06	
32	1.016476e-09	1.499670e+00	1.652281e-06	2.739744e-06	
33	1.032860e-09	1.500330e+00	7.245561e-07	-2.82383e-06	
34	1.065628e-09	1.499670e+00	9.073379e-07	2.765626e-06	
35	1.131164e-09	1.500330e+00	-1.22276e-07	-2.79343e-06	
36	1.231164e-09	1.499670e+00	3.277854e-07	2.786061e-06	
37	1.331164e-09	1.500330e+00	-3.05783e-07	-2.78678e-06	
38	1.431164e-09	1.499670e+00	3.081430e-07	2.786629e-06	
39	1.531164e-09	1.500330e+00	-3.07897e-07	-2.78657e-06	
40	1.631164e-09	1.499670e+00	3.079184e-07	2.786506e-06	
41	1.731164e-09	1.500330e+00	-3.07910e-07	-2.78644e-06	
42	1.831164e-09	1.499670e+00	3.079046e-07	2.786376e-06	
43	1.931164e-09	1.500330e+00	-3.07899e-07	-2.78631e-06	
44	2.031164e-09	1.499670e+00	3.078932e-07	2.786246e-06	
45	2.131164e-09	1.500330e+00	-3.07888e-07	-2.78618e-06	
46	2.231164e-09	1.499670e+00	3.078819e-07	2.786116e-06	
47	2.331164e-09	1.500330e+00	-3.07876e-07	-2.78605e-06	
48	2.431164e-09	1.499670e+00	3.078705e-07	2.785985e-06	
49	2.531164e-09	1.500329e+00	-3.07865e-07	-2.78592e-06	
50	2.631164e-09	1.499671e+00	3.078592e-07	2.785855e-06	
51	2.731164e-09	1.500329e+00	-3.07854e-07	-2.78579e-06	
52	2.831164e-09	1.499671e+00	3.078478e-07	2.785725e-06	
53	2.931164e-09	1.500329e+00	-3.07842e-07	-2.78566e-06	
54	3.031164e-09	1.499671e+00	3.078365e-07	2.785595e-06	

Index   time            v(wwl)          v(wbl)          v(rwl)          
--------------------------------------------------------------------------------
55	3.131164e-09	1.500329e+00	-3.07831e-07	-2.78553e-06	
56	3.231164e-09	1.499671e+00	3.078251e-07	2.785465e-06	
57	3.331164e-09	1.500329e+00	-3.07819e-07	-2.78540e-06	
58	3.431164e-09	1.499671e+00	3.078138e-07	2.785335e-06	
59	3.531164e-09	1.500329e+00	-3.07808e-07	-2.78527e-06	
60	3.631164e-09	1.499671e+00	3.078024e-07	2.785205e-06	
61	3.731164e-09	1.500329e+00	-3.07797e-07	-2.78514e-06	
62	3.831164e-09	1.499671e+00	3.077911e-07	2.785075e-06	
63	3.931164e-09	1.500329e+00	-3.07785e-07	-2.78501e-06	
64	4.031164e-09	1.499671e+00	3.077798e-07	2.784945e-06	
65	4.131164e-09	1.500329e+00	-3.07774e-07	-2.78488e-06	
66	4.231164e-09	1.499671e+00	3.077684e-07	2.784815e-06	
67	4.331164e-09	1.500329e+00	-3.07763e-07	-2.78475e-06	
68	4.431164e-09	1.499671e+00	3.077571e-07	2.784684e-06	
69	4.531164e-09	1.500329e+00	-3.07751e-07	-2.78462e-06	
70	4.631164e-09	1.499671e+00	3.077457e-07	2.784554e-06	
71	4.731164e-09	1.500329e+00	-3.07740e-07	-2.78449e-06	
72	4.831164e-09	1.499671e+00	3.077344e-07	2.784424e-06	
73	4.931164e-09	1.500329e+00	-3.07729e-07	-2.78436e-06	
74	5.031164e-09	1.499671e+00	3.077230e-07	2.784294e-06	
75	5.131164e-09	1.500329e+00	-3.07717e-07	-2.78423e-06	
76	5.231164e-09	1.499671e+00	3.077117e-07	2.784164e-06	
77	5.331164e-09	1.500329e+00	-3.07706e-07	-2.78410e-06	
78	5.431164e-09	1.499671e+00	3.077003e-07	2.784034e-06	
79	5.531164e-09	1.500329e+00	-3.07695e-07	-2.78397e-06	
80	5.631164e-09	1.499671e+00	3.076890e-07	2.783904e-06	
81	5.731164e-09	1.500329e+00	-3.07683e-07	-2.78384e-06	
82	5.831164e-09	1.499671e+00	3.076776e-07	2.783774e-06	
83	5.931164e-09	1.500329e+00	-3.07672e-07	-2.78371e-06	
84	6.031164e-09	1.499671e+00	3.076663e-07	2.783644e-06	
85	6.131164e-09	1.500329e+00	-3.07661e-07	-2.78358e-06	
86	6.231164e-09	1.499671e+00	3.076549e-07	2.783514e-06	
87	6.331164e-09	1.500329e+00	-3.07649e-07	-2.78345e-06	
88	6.431164e-09	1.499671e+00	3.076436e-07	2.783384e-06	
89	6.531164e-09	1.500329e+00	-3.07638e-07	-2.78332e-06	
90	6.631164e-09	1.499671e+00	3.076323e-07	2.783254e-06	
91	6.731164e-09	1.500329e+00	-3.07627e-07	-2.78319e-06	
92	6.831164e-09	1.499671e+00	3.076209e-07	2.783124e-06	
93	6.931164e-09	1.500329e+00	-3.07615e-07	-2.78306e-06	
94	7.031164e-09	1.499671e+00	3.076096e-07	2.782994e-06	
95	7.131164e-09	1.500329e+00	-3.07604e-07	-2.78293e-06	
96	7.231164e-09	1.499671e+00	3.075982e-07	2.782864e-06	
97	7.331164e-09	1.500329e+00	-3.07593e-07	-2.78280e-06	
98	7.431164e-09	1.499671e+00	3.075869e-07	2.782734e-06	
99	7.531164e-09	1.500329e+00	-3.07581e-07	-2.78267e-06	
100	7.631164e-09	1.499671e+00	3.075756e-07	2.782604e-06	
101	7.731164e-09	1.500329e+00	-3.07570e-07	-2.78254e-06	
102	7.831164e-09	1.499671e+00	3.075642e-07	2.782474e-06	
103	7.931164e-09	1.500329e+00	-3.07559e-07	-2.78241e-06	
104	8.031164e-09	1.499671e+00	3.075529e-07	2.782344e-06	
105	8.131164e-09	1.500329e+00	-3.07547e-07	-2.78228e-06	
106	8.231164e-09	1.499671e+00	3.075415e-07	2.782214e-06	
107	8.331164e-09	1.500329e+00	-3.07536e-07	-2.78215e-06	
108	8.431164e-09	1.499671e+00	3.075302e-07	2.782084e-06	
109	8.531164e-09	1.500329e+00	-3.07525e-07	-2.78202e-06	
110	8.631164e-09	1.499671e+00	3.075189e-07	2.781954e-06	
111	8.731164e-09	1.500329e+00	-3.07513e-07	-2.78189e-06	
112	8.831164e-09	1.499671e+00	3.075075e-07	2.781824e-06	

Index   time            v(wwl)          v(wbl)          v(rwl)          
--------------------------------------------------------------------------------
113	8.931164e-09	1.500329e+00	-3.07502e-07	-2.78176e-06	
114	9.031164e-09	1.499671e+00	3.074962e-07	2.781694e-06	
115	9.131164e-09	1.500329e+00	-3.07491e-07	-2.78163e-06	
116	9.231164e-09	1.499671e+00	3.074848e-07	2.781564e-06	
117	9.331164e-09	1.500329e+00	-3.07479e-07	-2.78150e-06	
118	9.431164e-09	1.499671e+00	3.074735e-07	2.781434e-06	
119	9.531164e-09	1.500329e+00	-3.07468e-07	-2.78137e-06	
120	9.631164e-09	1.499671e+00	3.074622e-07	2.781304e-06	
121	9.731164e-09	1.500329e+00	-3.07456e-07	-2.78124e-06	
122	9.831164e-09	1.499671e+00	3.074508e-07	2.781174e-06	
123	9.931164e-09	1.500329e+00	-3.07445e-07	-2.78111e-06	
124	1.003116e-08	1.499671e+00	3.074395e-07	2.781044e-06	
125	1.013116e-08	1.500329e+00	-3.07434e-07	-2.78098e-06	
126	1.023116e-08	1.499671e+00	3.074282e-07	2.780914e-06	
127	1.033116e-08	1.500329e+00	-3.07422e-07	-2.78085e-06	
128	1.043116e-08	1.499671e+00	3.074168e-07	2.780785e-06	
129	1.053116e-08	1.500329e+00	-3.07411e-07	-2.78072e-06	
130	1.063116e-08	1.499671e+00	3.074055e-07	2.780655e-06	
131	1.073116e-08	1.500329e+00	-3.07400e-07	-2.78059e-06	
132	1.083116e-08	1.499671e+00	3.073941e-07	2.780525e-06	
133	1.093116e-08	1.500329e+00	-3.07388e-07	-2.78046e-06	
134	1.100000e-08	1.499671e+00	3.073802e-07	2.780365e-06	
135	1.100001e-08	1.278296e+00	-5.21707e-06	-3.76401e-05	
136	1.100003e-08	8.189187e-01	-5.81706e-06	-4.33945e-05	
137	1.100007e-08	-1.01670e-01	-5.14710e-06	-3.81207e-05	
138	1.100010e-08	-7.91106e-01	-5.68120e-06	-4.30576e-05	
139	1.100011e-08	-7.99602e-01	-3.88824e-07	-3.72058e-06	
140	1.100012e-08	-8.00362e-01	3.472106e-07	3.227101e-06	
141	1.100016e-08	-7.99654e-01	-3.27965e-07	-3.00294e-06	
142	1.100022e-08	-8.00338e-01	3.187086e-07	2.896088e-06	
143	1.100035e-08	-7.99666e-01	-3.14169e-07	-2.84393e-06	
144	1.100060e-08	-8.00332e-01	3.119216e-07	2.818153e-06	
145	1.100112e-08	-7.99669e-01	-3.10803e-07	-2.80534e-06	
146	1.100214e-08	-8.00330e-01	3.102453e-07	2.798958e-06	
147	1.100419e-08	-7.99670e-01	-3.09967e-07	-2.79577e-06	
148	1.100828e-08	-8.00330e-01	3.098274e-07	2.794177e-06	
149	1.101648e-08	-7.99670e-01	-3.09758e-07	-2.79338e-06	
150	1.103286e-08	-8.00330e-01	3.097231e-07	2.792983e-06	
151	1.106563e-08	-7.99670e-01	-3.09706e-07	-2.79278e-06	
152	1.113116e-08	-8.00330e-01	3.096970e-07	2.792685e-06	
153	1.123116e-08	-7.99670e-01	-3.09691e-07	-2.79262e-06	
154	1.133116e-08	-8.00330e-01	3.096856e-07	2.792554e-06	
155	1.143116e-08	-7.99670e-01	-3.09680e-07	-2.79249e-06	
156	1.153116e-08	-8.00330e-01	3.096742e-07	2.792424e-06	
157	1.163116e-08	-7.99670e-01	-3.09668e-07	-2.79236e-06	
158	1.173116e-08	-8.00330e-01	3.096628e-07	2.792293e-06	
159	1.183116e-08	-7.99670e-01	-3.09657e-07	-2.79223e-06	
160	1.193116e-08	-8.00330e-01	3.096514e-07	2.792163e-06	
161	1.203116e-08	-7.99670e-01	-3.09646e-07	-2.79210e-06	
162	1.213116e-08	-8.00330e-01	3.096400e-07	2.792033e-06	
163	1.223116e-08	-7.99670e-01	-3.09634e-07	-2.79197e-06	
164	1.233116e-08	-8.00330e-01	3.096286e-07	2.791902e-06	
165	1.243116e-08	-7.99670e-01	-3.09623e-07	-2.79184e-06	
166	1.253116e-08	-8.00330e-01	3.096172e-07	2.791772e-06	
167	1.263116e-08	-7.99670e-01	-3.09611e-07	-2.79171e-06	
168	1.273116e-08	-8.00330e-01	3.096058e-07	2.791642e-06	
169	1.283116e-08	-7.99670e-01	-3.09600e-07	-2.79158e-06	
170	1.293116e-08	-8.00330e-01	3.095944e-07	2.791511e-06	

Index   time            v(wwl)          v(wbl)          v(rwl)          
--------------------------------------------------------------------------------
171	1.303116e-08	-7.99670e-01	-3.09589e-07	-2.79145e-06	
172	1.313116e-08	-8.00330e-01	3.095830e-07	2.791381e-06	
173	1.323116e-08	-7.99670e-01	-3.09577e-07	-2.79132e-06	
174	1.333116e-08	-8.00330e-01	3.095716e-07	2.791251e-06	
175	1.343116e-08	-7.99670e-01	-3.09566e-07	-2.79119e-06	
176	1.353116e-08	-8.00330e-01	3.095602e-07	2.791120e-06	
177	1.363116e-08	-7.99670e-01	-3.09555e-07	-2.79106e-06	
178	1.373116e-08	-8.00330e-01	3.095488e-07	2.790990e-06	
179	1.383116e-08	-7.99670e-01	-3.09543e-07	-2.79092e-06	
180	1.393116e-08	-8.00330e-01	3.095374e-07	2.790860e-06	
181	1.403116e-08	-7.99670e-01	-3.09532e-07	-2.79079e-06	
182	1.413116e-08	-8.00330e-01	3.095260e-07	2.790729e-06	
183	1.423116e-08	-7.99670e-01	-3.09520e-07	-2.79066e-06	
184	1.433116e-08	-8.00330e-01	3.095147e-07	2.790599e-06	
185	1.443116e-08	-7.99670e-01	-3.09509e-07	-2.79053e-06	
186	1.453116e-08	-8.00330e-01	3.095033e-07	2.790469e-06	
187	1.463116e-08	-7.99670e-01	-3.09498e-07	-2.79040e-06	
188	1.473116e-08	-8.00330e-01	3.094919e-07	2.790338e-06	
189	1.483116e-08	-7.99670e-01	-3.09486e-07	-2.79027e-06	
190	1.493116e-08	-8.00330e-01	3.094805e-07	2.790208e-06	
191	1.503116e-08	-7.99670e-01	-3.09475e-07	-2.79014e-06	
192	1.513116e-08	-8.00330e-01	3.094691e-07	2.790078e-06	
193	1.523116e-08	-7.99670e-01	-3.09463e-07	-2.79001e-06	
194	1.533116e-08	-8.00330e-01	3.094577e-07	2.789948e-06	
195	1.543116e-08	-7.99670e-01	-3.09452e-07	-2.78988e-06	
196	1.553116e-08	-8.00330e-01	3.094463e-07	2.789817e-06	
197	1.563116e-08	-7.99670e-01	-3.09441e-07	-2.78975e-06	
198	1.573116e-08	-8.00330e-01	3.094349e-07	2.789687e-06	
199	1.583116e-08	-7.99670e-01	-3.09429e-07	-2.78962e-06	
200	1.593116e-08	-8.00330e-01	3.094235e-07	2.789557e-06	
201	1.603116e-08	-7.99670e-01	-3.09418e-07	-2.78949e-06	
202	1.613116e-08	-8.00330e-01	3.094121e-07	2.789426e-06	
203	1.623116e-08	-7.99670e-01	-3.09406e-07	-2.78936e-06	
204	1.633116e-08	-8.00330e-01	3.094008e-07	2.789296e-06	
205	1.643116e-08	-7.99670e-01	-3.09395e-07	-2.78923e-06	
206	1.653116e-08	-8.00330e-01	3.093894e-07	2.789166e-06	
207	1.663116e-08	-7.99670e-01	-3.09384e-07	-2.78910e-06	
208	1.673116e-08	-8.00330e-01	3.093780e-07	2.789036e-06	
209	1.683116e-08	-7.99670e-01	-3.09372e-07	-2.78897e-06	
210	1.693116e-08	-8.00330e-01	3.093666e-07	2.788905e-06	
211	1.703116e-08	-7.99670e-01	-3.09361e-07	-2.78884e-06	
212	1.713116e-08	-8.00330e-01	3.093552e-07	2.788775e-06	
213	1.723116e-08	-7.99670e-01	-3.09350e-07	-2.78871e-06	
214	1.733116e-08	-8.00330e-01	3.093438e-07	2.788645e-06	
215	1.743116e-08	-7.99670e-01	-3.09338e-07	-2.78858e-06	
216	1.753116e-08	-8.00330e-01	3.093324e-07	2.788515e-06	
217	1.763116e-08	-7.99670e-01	-3.09327e-07	-2.78845e-06	
218	1.773116e-08	-8.00330e-01	3.093210e-07	2.788385e-06	
219	1.783116e-08	-7.99670e-01	-3.09315e-07	-2.78832e-06	
220	1.793116e-08	-8.00330e-01	3.093097e-07	2.788254e-06	
221	1.803116e-08	-7.99670e-01	-3.09304e-07	-2.78819e-06	
222	1.813116e-08	-8.00330e-01	3.092983e-07	2.788124e-06	
223	1.823116e-08	-7.99670e-01	-3.09293e-07	-2.78806e-06	
224	1.833116e-08	-8.00330e-01	3.092869e-07	2.787994e-06	
225	1.843116e-08	-7.99670e-01	-3.09281e-07	-2.78793e-06	
226	1.853116e-08	-8.00330e-01	3.092755e-07	2.787864e-06	
227	1.863116e-08	-7.99670e-01	-3.09270e-07	-2.78780e-06	
228	1.873116e-08	-8.00330e-01	3.092641e-07	2.787734e-06	

Index   time            v(wwl)          v(wbl)          v(rwl)          
--------------------------------------------------------------------------------
229	1.883116e-08	-7.99670e-01	-3.09258e-07	-2.78767e-06	
230	1.893116e-08	-8.00330e-01	3.092527e-07	2.787603e-06	
231	1.903116e-08	-7.99670e-01	-3.09247e-07	-2.78754e-06	
232	1.913116e-08	-8.00330e-01	3.092414e-07	2.787473e-06	
233	1.923116e-08	-7.99670e-01	-3.09236e-07	-2.78741e-06	
234	1.933116e-08	-8.00330e-01	3.092300e-07	2.787343e-06	
235	1.943116e-08	-7.99670e-01	-3.09224e-07	-2.78728e-06	
236	1.953116e-08	-8.00330e-01	3.092186e-07	2.787213e-06	
237	1.963116e-08	-7.99670e-01	-3.09213e-07	-2.78715e-06	
238	1.973116e-08	-8.00330e-01	3.092072e-07	2.787083e-06	
239	1.983116e-08	-7.99670e-01	-3.09202e-07	-2.78702e-06	
240	1.993116e-08	-8.00330e-01	3.091958e-07	2.786953e-06	
241	2.000000e-08	-7.99671e-01	-3.09188e-07	-2.78686e-06	

********************************************************************************
Transient Analysis  Tue Aug 18 15:49:48  2026
--------------------------------------------------------------------------------
Index   time            v(rbl)          v(sn)           v(vdd)          
--------------------------------------------------------------------------------
0	0.000000e+00	2.399951e-05	-2.72339e-03	1.200000e+00	
1	1.000000e-12	2.399951e-05	-2.72339e-03	1.200000e+00	
2	2.000000e-12	2.399951e-05	-2.72339e-03	1.200000e+00	
3	4.000000e-12	2.399951e-05	-2.72339e-03	1.200000e+00	
4	8.000000e-12	2.399951e-05	-2.72339e-03	1.200000e+00	
5	1.600000e-11	2.399951e-05	-2.72339e-03	1.200000e+00	
6	3.200000e-11	2.399951e-05	-2.72339e-03	1.200000e+00	
7	6.400000e-11	2.399951e-05	-2.72339e-03	1.200000e+00	
8	1.280000e-10	2.399951e-05	-2.72339e-03	1.200000e+00	
9	2.280000e-10	2.399951e-05	-2.72339e-03	1.200000e+00	
10	3.280000e-10	2.399951e-05	-2.72339e-03	1.200000e+00	
11	4.280000e-10	2.399951e-05	-2.72339e-03	1.200000e+00	
12	5.280000e-10	2.399951e-05	-2.72339e-03	1.200000e+00	
13	6.280000e-10	2.399951e-05	-2.72339e-03	1.200000e+00	
14	7.280000e-10	2.399951e-05	-2.72339e-03	1.200000e+00	
15	8.280000e-10	2.399951e-05	-2.72339e-03	1.200000e+00	
16	9.280000e-10	2.399951e-05	-2.72339e-03	1.200000e+00	
17	1.000000e-09	2.399951e-05	-2.72339e-03	1.200000e+00	
18	1.000010e-09	2.912089e-05	2.506147e-03	1.200000e+00	
19	1.000030e-09	2.970073e-05	1.334118e-02	1.200000e+00	
20	1.000070e-09	2.915850e-05	3.505058e-02	1.200000e+00	
21	1.000100e-09	2.966468e-05	5.129781e-02	1.200000e+00	
22	1.000108e-09	2.437956e-05	5.149034e-02	1.200000e+00	
23	1.000124e-09	2.364442e-05	5.149480e-02	1.200000e+00	
24	1.000156e-09	2.431878e-05	5.145171e-02	1.200000e+00	
25	1.000220e-09	2.367291e-05	5.141459e-02	1.200000e+00	
26	1.000348e-09	2.430503e-05	5.129292e-02	1.200000e+00	
27	1.000604e-09	2.367974e-05	5.109714e-02	1.200000e+00	
28	1.001116e-09	2.430177e-05	5.066163e-02	1.200000e+00	
29	1.002140e-09	2.368161e-05	4.984731e-02	1.200000e+00	
30	1.004188e-09	2.430133e-05	4.821280e-02	1.200000e+00	
31	1.008284e-09	2.368279e-05	4.514532e-02	1.200000e+00	
32	1.016476e-09	2.430252e-05	3.953707e-02	1.200000e+00	
33	1.032860e-09	2.368528e-05	3.032466e-02	1.200000e+00	
34	1.065628e-09	2.430599e-05	1.763761e-02	1.200000e+00	
35	1.131164e-09	2.368932e-05	5.461300e-03	1.200000e+00	
36	1.231164e-09	2.430873e-05	5.758857e-04	1.200000e+00	
37	1.331164e-09	2.369020e-05	7.005274e-05	1.200000e+00	
38	1.431164e-09	2.430881e-05	-1.40520e-06	1.200000e+00	
39	1.531164e-09	2.369022e-05	8.305185e-06	1.200000e+00	
40	1.631164e-09	2.430880e-05	-7.74733e-06	1.200000e+00	
41	1.731164e-09	2.369024e-05	7.593974e-06	1.200000e+00	
42	1.831164e-09	2.430879e-05	-7.82030e-06	1.200000e+00	
43	1.931164e-09	2.369025e-05	7.585538e-06	1.200000e+00	
44	2.031164e-09	2.430878e-05	-7.82092e-06	1.200000e+00	
45	2.131164e-09	2.369026e-05	7.585212e-06	1.200000e+00	
46	2.231164e-09	2.430876e-05	-7.82070e-06	1.200000e+00	
47	2.331164e-09	2.369027e-05	7.584981e-06	1.200000e+00	
48	2.431164e-09	2.430875e-05	-7.82047e-06	1.200000e+00	
49	2.531164e-09	2.369028e-05	7.584750e-06	1.200000e+00	
50	2.631164e-09	2.430874e-05	-7.82024e-06	1.200000e+00	
51	2.731164e-09	2.369029e-05	7.584519e-06	1.200000e+00	
52	2.831164e-09	2.430873e-05	-7.82001e-06	1.200000e+00	
53	2.931164e-09	2.369030e-05	7.584288e-06	1.200000e+00	
54	3.031164e-09	2.430872e-05	-7.81978e-06	1.200000e+00	

Index   time            v(rbl)          v(sn)           v(vdd)          
--------------------------------------------------------------------------------
55	3.131164e-09	2.369032e-05	7.584058e-06	1.200000e+00	
56	3.231164e-09	2.430871e-05	-7.81956e-06	1.200000e+00	
57	3.331164e-09	2.369033e-05	7.583827e-06	1.200000e+00	
58	3.431164e-09	2.430870e-05	-7.81933e-06	1.200000e+00	
59	3.531164e-09	2.369034e-05	7.583596e-06	1.200000e+00	
60	3.631164e-09	2.430868e-05	-7.81910e-06	1.200000e+00	
61	3.731164e-09	2.369035e-05	7.583365e-06	1.200000e+00	
62	3.831164e-09	2.430867e-05	-7.81887e-06	1.200000e+00	
63	3.931164e-09	2.369036e-05	7.583135e-06	1.200000e+00	
64	4.031164e-09	2.430866e-05	-7.81864e-06	1.200000e+00	
65	4.131164e-09	2.369037e-05	7.582904e-06	1.200000e+00	
66	4.231164e-09	2.430865e-05	-7.81841e-06	1.200000e+00	
67	4.331164e-09	2.369038e-05	7.582673e-06	1.200000e+00	
68	4.431164e-09	2.430864e-05	-7.81818e-06	1.200000e+00	
69	4.531164e-09	2.369040e-05	7.582443e-06	1.200000e+00	
70	4.631164e-09	2.430863e-05	-7.81795e-06	1.200000e+00	
71	4.731164e-09	2.369041e-05	7.582212e-06	1.200000e+00	
72	4.831164e-09	2.430862e-05	-7.81773e-06	1.200000e+00	
73	4.931164e-09	2.369042e-05	7.581981e-06	1.200000e+00	
74	5.031164e-09	2.430860e-05	-7.81750e-06	1.200000e+00	
75	5.131164e-09	2.369043e-05	7.581751e-06	1.200000e+00	
76	5.231164e-09	2.430859e-05	-7.81727e-06	1.200000e+00	
77	5.331164e-09	2.369044e-05	7.581520e-06	1.200000e+00	
78	5.431164e-09	2.430858e-05	-7.81704e-06	1.200000e+00	
79	5.531164e-09	2.369045e-05	7.581289e-06	1.200000e+00	
80	5.631164e-09	2.430857e-05	-7.81681e-06	1.200000e+00	
81	5.731164e-09	2.369046e-05	7.581059e-06	1.200000e+00	
82	5.831164e-09	2.430856e-05	-7.81658e-06	1.200000e+00	
83	5.931164e-09	2.369048e-05	7.580828e-06	1.200000e+00	
84	6.031164e-09	2.430855e-05	-7.81635e-06	1.200000e+00	
85	6.131164e-09	2.369049e-05	7.580598e-06	1.200000e+00	
86	6.231164e-09	2.430854e-05	-7.81612e-06	1.200000e+00	
87	6.331164e-09	2.369050e-05	7.580367e-06	1.200000e+00	
88	6.431164e-09	2.430852e-05	-7.81590e-06	1.200000e+00	
89	6.531164e-09	2.369051e-05	7.580136e-06	1.200000e+00	
90	6.631164e-09	2.430851e-05	-7.81567e-06	1.200000e+00	
91	6.731164e-09	2.369052e-05	7.579906e-06	1.200000e+00	
92	6.831164e-09	2.430850e-05	-7.81544e-06	1.200000e+00	
93	6.931164e-09	2.369053e-05	7.579675e-06	1.200000e+00	
94	7.031164e-09	2.430849e-05	-7.81521e-06	1.200000e+00	
95	7.131164e-09	2.369054e-05	7.579445e-06	1.200000e+00	
96	7.231164e-09	2.430848e-05	-7.81498e-06	1.200000e+00	
97	7.331164e-09	2.369055e-05	7.579214e-06	1.200000e+00	
98	7.431164e-09	2.430847e-05	-7.81475e-06	1.200000e+00	
99	7.531164e-09	2.369057e-05	7.578983e-06	1.200000e+00	
100	7.631164e-09	2.430846e-05	-7.81452e-06	1.200000e+00	
101	7.731164e-09	2.369058e-05	7.578753e-06	1.200000e+00	
102	7.831164e-09	2.430845e-05	-7.81429e-06	1.200000e+00	
103	7.931164e-09	2.369059e-05	7.578522e-06	1.200000e+00	
104	8.031164e-09	2.430843e-05	-7.81407e-06	1.200000e+00	
105	8.131164e-09	2.369060e-05	7.578292e-06	1.200000e+00	
106	8.231164e-09	2.430842e-05	-7.81384e-06	1.200000e+00	
107	8.331164e-09	2.369061e-05	7.578061e-06	1.200000e+00	
108	8.431164e-09	2.430841e-05	-7.81361e-06	1.200000e+00	
109	8.531164e-09	2.369062e-05	7.577831e-06	1.200000e+00	
110	8.631164e-09	2.430840e-05	-7.81338e-06	1.200000e+00	
111	8.731164e-09	2.369063e-05	7.577600e-06	1.200000e+00	
112	8.831164e-09	2.430839e-05	-7.81315e-06	1.200000e+00	

Index   time            v(rbl)          v(sn)           v(vdd)          
--------------------------------------------------------------------------------
113	8.931164e-09	2.369065e-05	7.577370e-06	1.200000e+00	
114	9.031164e-09	2.430838e-05	-7.81292e-06	1.200000e+00	
115	9.131164e-09	2.369066e-05	7.577139e-06	1.200000e+00	
116	9.231164e-09	2.430837e-05	-7.81269e-06	1.200000e+00	
117	9.331164e-09	2.369067e-05	7.576909e-06	1.200000e+00	
118	9.431164e-09	2.430835e-05	-7.81247e-06	1.200000e+00	
119	9.531164e-09	2.369068e-05	7.576678e-06	1.200000e+00	
120	9.631164e-09	2.430834e-05	-7.81224e-06	1.200000e+00	
121	9.731164e-09	2.369069e-05	7.576448e-06	1.200000e+00	
122	9.831164e-09	2.430833e-05	-7.81201e-06	1.200000e+00	
123	9.931164e-09	2.369070e-05	7.576217e-06	1.200000e+00	
124	1.003116e-08	2.430832e-05	-7.81178e-06	1.200000e+00	
125	1.013116e-08	2.369071e-05	7.575987e-06	1.200000e+00	
126	1.023116e-08	2.430831e-05	-7.81155e-06	1.200000e+00	
127	1.033116e-08	2.369073e-05	7.575756e-06	1.200000e+00	
128	1.043116e-08	2.430830e-05	-7.81132e-06	1.200000e+00	
129	1.053116e-08	2.369074e-05	7.575526e-06	1.200000e+00	
130	1.063116e-08	2.430829e-05	-7.81109e-06	1.200000e+00	
131	1.073116e-08	2.369075e-05	7.575295e-06	1.200000e+00	
132	1.083116e-08	2.430827e-05	-7.81086e-06	1.200000e+00	
133	1.093116e-08	2.369076e-05	7.575065e-06	1.200000e+00	
134	1.100000e-08	2.430826e-05	-7.81058e-06	1.200000e+00	
135	1.100001e-08	1.889230e-05	-5.22940e-03	1.200000e+00	
136	1.100003e-08	1.828624e-05	-1.60629e-02	1.200000e+00	
137	1.100007e-08	1.885159e-05	-3.77738e-02	1.200000e+00	
138	1.100010e-08	1.831491e-05	-5.40343e-02	1.200000e+00	
139	1.100011e-08	2.361061e-05	-5.42336e-02	1.200000e+00	
140	1.100012e-08	2.434680e-05	-5.42514e-02	1.200000e+00	
141	1.100016e-08	2.367148e-05	-5.42349e-02	1.200000e+00	
142	1.100022e-08	2.431830e-05	-5.42508e-02	1.200000e+00	
143	1.100035e-08	2.368527e-05	-5.42351e-02	1.200000e+00	
144	1.100060e-08	2.431151e-05	-5.42507e-02	1.200000e+00	
145	1.100112e-08	2.368864e-05	-5.42352e-02	1.200000e+00	
146	1.100214e-08	2.430983e-05	-5.42507e-02	1.200000e+00	
147	1.100419e-08	2.368947e-05	-5.42352e-02	1.200000e+00	
148	1.100828e-08	2.430942e-05	-5.42507e-02	1.200000e+00	
149	1.101648e-08	2.368968e-05	-5.42352e-02	1.200000e+00	
150	1.103286e-08	2.430931e-05	-5.42507e-02	1.200000e+00	
151	1.106563e-08	2.368974e-05	-5.42352e-02	1.200000e+00	
152	1.113116e-08	2.430929e-05	-5.42506e-02	1.200000e+00	
153	1.123116e-08	2.368975e-05	-5.42352e-02	1.200000e+00	
154	1.133116e-08	2.430927e-05	-5.42506e-02	1.200000e+00	
155	1.143116e-08	2.368976e-05	-5.42352e-02	1.200000e+00	
156	1.153116e-08	2.430926e-05	-5.42506e-02	1.200000e+00	
157	1.163116e-08	2.368977e-05	-5.42352e-02	1.200000e+00	
158	1.173116e-08	2.430925e-05	-5.42506e-02	1.200000e+00	
159	1.183116e-08	2.368978e-05	-5.42352e-02	1.200000e+00	
160	1.193116e-08	2.430924e-05	-5.42506e-02	1.200000e+00	
161	1.203116e-08	2.368980e-05	-5.42352e-02	1.200000e+00	
162	1.213116e-08	2.430923e-05	-5.42506e-02	1.200000e+00	
163	1.223116e-08	2.368981e-05	-5.42352e-02	1.200000e+00	
164	1.233116e-08	2.430922e-05	-5.42506e-02	1.200000e+00	
165	1.243116e-08	2.368982e-05	-5.42352e-02	1.200000e+00	
166	1.253116e-08	2.430921e-05	-5.42506e-02	1.200000e+00	
167	1.263116e-08	2.368983e-05	-5.42351e-02	1.200000e+00	
168	1.273116e-08	2.430919e-05	-5.42506e-02	1.200000e+00	
169	1.283116e-08	2.368984e-05	-5.42351e-02	1.200000e+00	
170	1.293116e-08	2.430918e-05	-5.42506e-02	1.200000e+00	

Index   time            v(rbl)          v(sn)           v(vdd)          
--------------------------------------------------------------------------------
171	1.303116e-08	2.368985e-05	-5.42351e-02	1.200000e+00	
172	1.313116e-08	2.430917e-05	-5.42505e-02	1.200000e+00	
173	1.323116e-08	2.368986e-05	-5.42351e-02	1.200000e+00	
174	1.333116e-08	2.430916e-05	-5.42505e-02	1.200000e+00	
175	1.343116e-08	2.368988e-05	-5.42351e-02	1.200000e+00	
176	1.353116e-08	2.430915e-05	-5.42505e-02	1.200000e+00	
177	1.363116e-08	2.368989e-05	-5.42351e-02	1.200000e+00	
178	1.373116e-08	2.430914e-05	-5.42505e-02	1.200000e+00	
179	1.383116e-08	2.368990e-05	-5.42351e-02	1.200000e+00	
180	1.393116e-08	2.430913e-05	-5.42505e-02	1.200000e+00	
181	1.403116e-08	2.368991e-05	-5.42351e-02	1.200000e+00	
182	1.413116e-08	2.430911e-05	-5.42505e-02	1.200000e+00	
183	1.423116e-08	2.368992e-05	-5.42351e-02	1.200000e+00	
184	1.433116e-08	2.430910e-05	-5.42505e-02	1.200000e+00	
185	1.443116e-08	2.368993e-05	-5.42351e-02	1.200000e+00	
186	1.453116e-08	2.430909e-05	-5.42505e-02	1.200000e+00	
187	1.463116e-08	2.368994e-05	-5.42351e-02	1.200000e+00	
188	1.473116e-08	2.430908e-05	-5.42505e-02	1.200000e+00	
189	1.483116e-08	2.368996e-05	-5.42350e-02	1.200000e+00	
190	1.493116e-08	2.430907e-05	-5.42505e-02	1.200000e+00	
191	1.503116e-08	2.368997e-05	-5.42350e-02	1.200000e+00	
192	1.513116e-08	2.430906e-05	-5.42504e-02	1.200000e+00	
193	1.523116e-08	2.368998e-05	-5.42350e-02	1.200000e+00	
194	1.533116e-08	2.430905e-05	-5.42504e-02	1.200000e+00	
195	1.543116e-08	2.368999e-05	-5.42350e-02	1.200000e+00	
196	1.553116e-08	2.430903e-05	-5.42504e-02	1.200000e+00	
197	1.563116e-08	2.369000e-05	-5.42350e-02	1.200000e+00	
198	1.573116e-08	2.430902e-05	-5.42504e-02	1.200000e+00	
199	1.583116e-08	2.369001e-05	-5.42350e-02	1.200000e+00	
200	1.593116e-08	2.430901e-05	-5.42504e-02	1.200000e+00	
201	1.603116e-08	2.369002e-05	-5.42350e-02	1.200000e+00	
202	1.613116e-08	2.430900e-05	-5.42504e-02	1.200000e+00	
203	1.623116e-08	2.369004e-05	-5.42350e-02	1.200000e+00	
204	1.633116e-08	2.430899e-05	-5.42504e-02	1.200000e+00	
205	1.643116e-08	2.369005e-05	-5.42350e-02	1.200000e+00	
206	1.653116e-08	2.430898e-05	-5.42504e-02	1.200000e+00	
207	1.663116e-08	2.369006e-05	-5.42350e-02	1.200000e+00	
208	1.673116e-08	2.430897e-05	-5.42504e-02	1.200000e+00	
209	1.683116e-08	2.369007e-05	-5.42349e-02	1.200000e+00	
210	1.693116e-08	2.430895e-05	-5.42504e-02	1.200000e+00	
211	1.703116e-08	2.369008e-05	-5.42349e-02	1.200000e+00	
212	1.713116e-08	2.430894e-05	-5.42503e-02	1.200000e+00	
213	1.723116e-08	2.369009e-05	-5.42349e-02	1.200000e+00	
214	1.733116e-08	2.430893e-05	-5.42503e-02	1.200000e+00	
215	1.743116e-08	2.369010e-05	-5.42349e-02	1.200000e+00	
216	1.753116e-08	2.430892e-05	-5.42503e-02	1.200000e+00	
217	1.763116e-08	2.369011e-05	-5.42349e-02	1.200000e+00	
218	1.773116e-08	2.430891e-05	-5.42503e-02	1.200000e+00	
219	1.783116e-08	2.369013e-05	-5.42349e-02	1.200000e+00	
220	1.793116e-08	2.430890e-05	-5.42503e-02	1.200000e+00	
221	1.803116e-08	2.369014e-05	-5.42349e-02	1.200000e+00	
222	1.813116e-08	2.430889e-05	-5.42503e-02	1.200000e+00	
223	1.823116e-08	2.369015e-05	-5.42349e-02	1.200000e+00	
224	1.833116e-08	2.430888e-05	-5.42503e-02	1.200000e+00	
225	1.843116e-08	2.369016e-05	-5.42349e-02	1.200000e+00	
226	1.853116e-08	2.430886e-05	-5.42503e-02	1.200000e+00	
227	1.863116e-08	2.369017e-05	-5.42349e-02	1.200000e+00	
228	1.873116e-08	2.430885e-05	-5.42503e-02	1.200000e+00	

Index   time            v(rbl)          v(sn)           v(vdd)          
--------------------------------------------------------------------------------
229	1.883116e-08	2.369018e-05	-5.42349e-02	1.200000e+00	
230	1.893116e-08	2.430884e-05	-5.42503e-02	1.200000e+00	
231	1.903116e-08	2.369019e-05	-5.42348e-02	1.200000e+00	
232	1.913116e-08	2.430883e-05	-5.42502e-02	1.200000e+00	
233	1.923116e-08	2.369021e-05	-5.42348e-02	1.200000e+00	
234	1.933116e-08	2.430882e-05	-5.42502e-02	1.200000e+00	
235	1.943116e-08	2.369022e-05	-5.42348e-02	1.200000e+00	
236	1.953116e-08	2.430881e-05	-5.42502e-02	1.200000e+00	
237	1.963116e-08	2.369023e-05	-5.42348e-02	1.200000e+00	
238	1.973116e-08	2.430880e-05	-5.42502e-02	1.200000e+00	
239	1.983116e-08	2.369024e-05	-5.42348e-02	1.200000e+00	
240	1.993116e-08	2.430878e-05	-5.42502e-02	1.200000e+00	
241	2.000000e-08	2.369025e-05	-5.42348e-02	1.200000e+00	

********************************************************************************
Transient Analysis  Tue Aug 18 15:49:48  2026
--------------------------------------------------------------------------------
Index   time            v_wwl#branch    v_wbl#branch    v_rbl#branch    
--------------------------------------------------------------------------------
0	0.000000e+00	0.000000e+00	2.723390e-15	1.199976e-05	
1	1.000000e-12	-5.55112e-17	2.723390e-15	1.199976e-05	
2	2.000000e-12	-5.55112e-17	2.723390e-15	1.199976e-05	
3	4.000000e-12	-5.55112e-17	2.723390e-15	1.199976e-05	
4	8.000000e-12	0.000000e+00	2.723390e-15	1.199976e-05	
5	1.600000e-11	5.551115e-17	2.723390e-15	1.199976e-05	
6	3.200000e-11	-5.55112e-17	2.723390e-15	1.199976e-05	
7	6.400000e-11	0.000000e+00	2.723390e-15	1.199976e-05	
8	1.280000e-10	0.000000e+00	2.723390e-15	1.199976e-05	
9	2.280000e-10	0.000000e+00	2.723390e-15	1.199976e-05	
10	3.280000e-10	0.000000e+00	2.723390e-15	1.199976e-05	
11	4.280000e-10	0.000000e+00	2.723390e-15	1.199976e-05	
12	5.280000e-10	0.000000e+00	2.723390e-15	1.199976e-05	
13	6.280000e-10	0.000000e+00	2.723390e-15	1.199976e-05	
14	7.280000e-10	0.000000e+00	2.723390e-15	1.199976e-05	
15	8.280000e-10	0.000000e+00	2.723390e-15	1.199976e-05	
16	9.280000e-10	0.000000e+00	2.723390e-15	1.199976e-05	
17	1.000000e-09	0.000000e+00	2.723390e-15	1.199976e-05	
18	1.000010e-09	-2.76917e-03	2.560737e-06	1.456044e-05	
19	1.000030e-09	-2.96921e-03	2.850664e-06	1.485036e-05	
20	1.000070e-09	-2.78021e-03	2.682977e-06	1.457925e-05	
21	1.000100e-09	-2.96117e-03	3.684624e-06	1.483234e-05	
22	1.000108e-09	-1.32522e-04	1.068545e-06	1.218978e-05	
23	1.000124e-09	1.206220e-04	7.038370e-07	1.182221e-05	
24	1.000156e-09	-1.15142e-04	1.037843e-06	1.215939e-05	
25	1.000220e-09	1.124350e-04	7.166112e-07	1.183645e-05	
26	1.000348e-09	-1.11167e-04	1.028299e-06	1.215251e-05	
27	1.000604e-09	1.104769e-04	7.145778e-07	1.183987e-05	
28	1.001116e-09	-1.10195e-04	1.015890e-06	1.215088e-05	
29	1.002140e-09	1.099932e-04	6.941484e-07	1.184081e-05	
30	1.004188e-09	-1.09952e-04	9.738188e-07	1.215066e-05	
31	1.008284e-09	1.098744e-04	6.143681e-07	1.184139e-05	
32	1.016476e-09	-1.09888e-04	8.261407e-07	1.215126e-05	
33	1.032860e-09	1.098502e-04	3.622781e-07	1.184264e-05	
34	1.065628e-09	-1.09865e-04	4.536689e-07	1.215300e-05	
35	1.131164e-09	1.098527e-04	-6.11381e-08	1.184466e-05	
36	1.231164e-09	-1.09853e-04	1.638927e-07	1.215436e-05	
37	1.331164e-09	1.098516e-04	-1.52892e-07	1.184510e-05	
38	1.431164e-09	-1.09850e-04	1.540715e-07	1.215440e-05	
39	1.531164e-09	1.098483e-04	-1.53948e-07	1.184511e-05	
40	1.631164e-09	-1.09847e-04	1.539592e-07	1.215440e-05	
41	1.731164e-09	1.098450e-04	-1.53955e-07	1.184512e-05	
42	1.831164e-09	-1.09843e-04	1.539523e-07	1.215439e-05	
43	1.931164e-09	1.098417e-04	-1.53949e-07	1.184512e-05	
44	2.031164e-09	-1.09840e-04	1.539466e-07	1.215439e-05	
45	2.131164e-09	1.098384e-04	-1.53944e-07	1.184513e-05	
46	2.231164e-09	-1.09837e-04	1.539409e-07	1.215438e-05	
47	2.331164e-09	1.098351e-04	-1.53938e-07	1.184514e-05	
48	2.431164e-09	-1.09833e-04	1.539353e-07	1.215438e-05	
49	2.531164e-09	1.098318e-04	-1.53932e-07	1.184514e-05	
50	2.631164e-09	-1.09830e-04	1.539296e-07	1.215437e-05	
51	2.731164e-09	1.098286e-04	-1.53927e-07	1.184515e-05	
52	2.831164e-09	-1.09827e-04	1.539239e-07	1.215436e-05	
53	2.931164e-09	1.098253e-04	-1.53921e-07	1.184515e-05	
54	3.031164e-09	-1.09824e-04	1.539182e-07	1.215436e-05	

Index   time            v_wwl#branch    v_wbl#branch    v_rbl#branch    
--------------------------------------------------------------------------------
55	3.131164e-09	1.098220e-04	-1.53915e-07	1.184516e-05	
56	3.231164e-09	-1.09820e-04	1.539126e-07	1.215435e-05	
57	3.331164e-09	1.098187e-04	-1.53910e-07	1.184516e-05	
58	3.431164e-09	-1.09817e-04	1.539069e-07	1.215435e-05	
59	3.531164e-09	1.098154e-04	-1.53904e-07	1.184517e-05	
60	3.631164e-09	-1.09814e-04	1.539012e-07	1.215434e-05	
61	3.731164e-09	1.098121e-04	-1.53898e-07	1.184518e-05	
62	3.831164e-09	-1.09810e-04	1.538955e-07	1.215434e-05	
63	3.931164e-09	1.098088e-04	-1.53893e-07	1.184518e-05	
64	4.031164e-09	-1.09807e-04	1.538899e-07	1.215433e-05	
65	4.131164e-09	1.098055e-04	-1.53887e-07	1.184519e-05	
66	4.231164e-09	-1.09804e-04	1.538842e-07	1.215432e-05	
67	4.331164e-09	1.098022e-04	-1.53881e-07	1.184519e-05	
68	4.431164e-09	-1.09801e-04	1.538785e-07	1.215432e-05	
69	4.531164e-09	1.097989e-04	-1.53876e-07	1.184520e-05	
70	4.631164e-09	-1.09797e-04	1.538729e-07	1.215431e-05	
71	4.731164e-09	1.097956e-04	-1.53870e-07	1.184520e-05	
72	4.831164e-09	-1.09794e-04	1.538672e-07	1.215431e-05	
73	4.931164e-09	1.097923e-04	-1.53864e-07	1.184521e-05	
74	5.031164e-09	-1.09791e-04	1.538615e-07	1.215430e-05	
75	5.131164e-09	1.097891e-04	-1.53859e-07	1.184521e-05	
76	5.231164e-09	-1.09787e-04	1.538558e-07	1.215430e-05	
77	5.331164e-09	1.097858e-04	-1.53853e-07	1.184522e-05	
78	5.431164e-09	-1.09784e-04	1.538502e-07	1.215429e-05	
79	5.531164e-09	1.097825e-04	-1.53847e-07	1.184523e-05	
80	5.631164e-09	-1.09781e-04	1.538445e-07	1.215429e-05	
81	5.731164e-09	1.097792e-04	-1.53842e-07	1.184523e-05	
82	5.831164e-09	-1.09778e-04	1.538388e-07	1.215428e-05	
83	5.931164e-09	1.097759e-04	-1.53836e-07	1.184524e-05	
84	6.031164e-09	-1.09774e-04	1.538331e-07	1.215427e-05	
85	6.131164e-09	1.097726e-04	-1.53830e-07	1.184524e-05	
86	6.231164e-09	-1.09771e-04	1.538275e-07	1.215427e-05	
87	6.331164e-09	1.097693e-04	-1.53825e-07	1.184525e-05	
88	6.431164e-09	-1.09768e-04	1.538218e-07	1.215426e-05	
89	6.531164e-09	1.097660e-04	-1.53819e-07	1.184525e-05	
90	6.631164e-09	-1.09764e-04	1.538161e-07	1.215426e-05	
91	6.731164e-09	1.097627e-04	-1.53813e-07	1.184526e-05	
92	6.831164e-09	-1.09761e-04	1.538105e-07	1.215425e-05	
93	6.931164e-09	1.097594e-04	-1.53808e-07	1.184527e-05	
94	7.031164e-09	-1.09758e-04	1.538048e-07	1.215425e-05	
95	7.131164e-09	1.097561e-04	-1.53802e-07	1.184527e-05	
96	7.231164e-09	-1.09754e-04	1.537991e-07	1.215424e-05	
97	7.331164e-09	1.097529e-04	-1.53796e-07	1.184528e-05	
98	7.431164e-09	-1.09751e-04	1.537934e-07	1.215423e-05	
99	7.531164e-09	1.097496e-04	-1.53791e-07	1.184528e-05	
100	7.631164e-09	-1.09748e-04	1.537878e-07	1.215423e-05	
101	7.731164e-09	1.097463e-04	-1.53785e-07	1.184529e-05	
102	7.831164e-09	-1.09745e-04	1.537821e-07	1.215422e-05	
103	7.931164e-09	1.097430e-04	-1.53779e-07	1.184529e-05	
104	8.031164e-09	-1.09741e-04	1.537764e-07	1.215422e-05	
105	8.131164e-09	1.097397e-04	-1.53774e-07	1.184530e-05	
106	8.231164e-09	-1.09738e-04	1.537708e-07	1.215421e-05	
107	8.331164e-09	1.097364e-04	-1.53768e-07	1.184531e-05	
108	8.431164e-09	-1.09735e-04	1.537651e-07	1.215421e-05	
109	8.531164e-09	1.097331e-04	-1.53762e-07	1.184531e-05	
110	8.631164e-09	-1.09731e-04	1.537594e-07	1.215420e-05	
111	8.731164e-09	1.097298e-04	-1.53757e-07	1.184532e-05	
112	8.831164e-09	-1.09728e-04	1.537538e-07	1.215419e-05	

Index   time            v_wwl#branch    v_wbl#branch    v_rbl#branch    
--------------------------------------------------------------------------------
113	8.931164e-09	1.097265e-04	-1.53751e-07	1.184532e-05	
114	9.031164e-09	-1.09725e-04	1.537481e-07	1.215419e-05	
115	9.131164e-09	1.097232e-04	-1.53745e-07	1.184533e-05	
116	9.231164e-09	-1.09722e-04	1.537424e-07	1.215418e-05	
117	9.331164e-09	1.097200e-04	-1.53740e-07	1.184533e-05	
118	9.431164e-09	-1.09718e-04	1.537367e-07	1.215418e-05	
119	9.531164e-09	1.097167e-04	-1.53734e-07	1.184534e-05	
120	9.631164e-09	-1.09715e-04	1.537311e-07	1.215417e-05	
121	9.731164e-09	1.097134e-04	-1.53728e-07	1.184535e-05	
122	9.831164e-09	-1.09712e-04	1.537254e-07	1.215417e-05	
123	9.931164e-09	1.097101e-04	-1.53723e-07	1.184535e-05	
124	1.003116e-08	-1.09708e-04	1.537197e-07	1.215416e-05	
125	1.013116e-08	1.097068e-04	-1.53717e-07	1.184536e-05	
126	1.023116e-08	-1.09705e-04	1.537141e-07	1.215415e-05	
127	1.033116e-08	1.097035e-04	-1.53711e-07	1.184536e-05	
128	1.043116e-08	-1.09702e-04	1.537084e-07	1.215415e-05	
129	1.053116e-08	1.097002e-04	-1.53706e-07	1.184537e-05	
130	1.063116e-08	-1.09699e-04	1.537027e-07	1.215414e-05	
131	1.073116e-08	1.096969e-04	-1.53700e-07	1.184537e-05	
132	1.083116e-08	-1.09695e-04	1.536971e-07	1.215414e-05	
133	1.093116e-08	1.096936e-04	-1.53694e-07	1.184538e-05	
134	1.100000e-08	-1.09691e-04	1.536901e-07	1.215413e-05	
135	1.100001e-08	2.765206e-03	-2.60854e-06	9.446151e-06	
136	1.100003e-08	2.972891e-03	-2.90853e-06	9.143118e-06	
137	1.100007e-08	2.776665e-03	-2.57355e-06	9.425797e-06	
138	1.100010e-08	2.964520e-03	-2.84060e-06	9.157453e-06	
139	1.100011e-08	1.326517e-04	-1.94412e-07	1.180531e-05	
140	1.100012e-08	-1.20780e-04	1.736053e-07	1.217340e-05	
141	1.100016e-08	1.152518e-04	-1.63982e-07	1.183574e-05	
142	1.100022e-08	-1.12584e-04	1.593543e-07	1.215915e-05	
143	1.100035e-08	1.112729e-04	-1.57085e-07	1.184264e-05	
144	1.100060e-08	-1.10623e-04	1.559608e-07	1.215576e-05	
145	1.100112e-08	1.102998e-04	-1.55402e-07	1.184432e-05	
146	1.100214e-08	-1.10138e-04	1.551226e-07	1.215492e-05	
147	1.100419e-08	1.100579e-04	-1.54983e-07	1.184474e-05	
148	1.100828e-08	-1.10018e-04	1.549137e-07	1.215471e-05	
149	1.101648e-08	1.099975e-04	-1.54879e-07	1.184484e-05	
150	1.103286e-08	-1.09987e-04	1.548615e-07	1.215466e-05	
151	1.106563e-08	1.099824e-04	-1.54853e-07	1.184487e-05	
152	1.113116e-08	-1.09980e-04	1.548485e-07	1.215464e-05	
153	1.123116e-08	1.099782e-04	-1.54846e-07	1.184488e-05	
154	1.133116e-08	-1.09977e-04	1.548428e-07	1.215464e-05	
155	1.143116e-08	1.099749e-04	-1.54840e-07	1.184488e-05	
156	1.153116e-08	-1.09973e-04	1.548371e-07	1.215463e-05	
157	1.163116e-08	1.099716e-04	-1.54834e-07	1.184489e-05	
158	1.173116e-08	-1.09970e-04	1.548314e-07	1.215463e-05	
159	1.183116e-08	1.099683e-04	-1.54829e-07	1.184489e-05	
160	1.193116e-08	-1.09967e-04	1.548257e-07	1.215462e-05	
161	1.203116e-08	1.099650e-04	-1.54823e-07	1.184490e-05	
162	1.213116e-08	-1.09963e-04	1.548200e-07	1.215461e-05	
163	1.223116e-08	1.099618e-04	-1.54817e-07	1.184490e-05	
164	1.233116e-08	-1.09960e-04	1.548143e-07	1.215461e-05	
165	1.243116e-08	1.099585e-04	-1.54811e-07	1.184491e-05	
166	1.253116e-08	-1.09957e-04	1.548086e-07	1.215460e-05	
167	1.263116e-08	1.099552e-04	-1.54806e-07	1.184491e-05	
168	1.273116e-08	-1.09954e-04	1.548029e-07	1.215460e-05	
169	1.283116e-08	1.099519e-04	-1.54800e-07	1.184492e-05	
170	1.293116e-08	-1.09950e-04	1.547972e-07	1.215459e-05	

Index   time            v_wwl#branch    v_wbl#branch    v_rbl#branch    
--------------------------------------------------------------------------------
171	1.303116e-08	1.099486e-04	-1.54794e-07	1.184493e-05	
172	1.313116e-08	-1.09947e-04	1.547915e-07	1.215459e-05	
173	1.323116e-08	1.099453e-04	-1.54789e-07	1.184493e-05	
174	1.333116e-08	-1.09944e-04	1.547858e-07	1.215458e-05	
175	1.343116e-08	1.099420e-04	-1.54783e-07	1.184494e-05	
176	1.353116e-08	-1.09940e-04	1.547801e-07	1.215457e-05	
177	1.363116e-08	1.099387e-04	-1.54777e-07	1.184494e-05	
178	1.373116e-08	-1.09937e-04	1.547744e-07	1.215457e-05	
179	1.383116e-08	1.099354e-04	-1.54772e-07	1.184495e-05	
180	1.393116e-08	-1.09934e-04	1.547687e-07	1.215456e-05	
181	1.403116e-08	1.099321e-04	-1.54766e-07	1.184495e-05	
182	1.413116e-08	-1.09930e-04	1.547630e-07	1.215456e-05	
183	1.423116e-08	1.099288e-04	-1.54760e-07	1.184496e-05	
184	1.433116e-08	-1.09927e-04	1.547573e-07	1.215455e-05	
185	1.443116e-08	1.099255e-04	-1.54754e-07	1.184497e-05	
186	1.453116e-08	-1.09924e-04	1.547516e-07	1.215455e-05	
187	1.463116e-08	1.099222e-04	-1.54749e-07	1.184497e-05	
188	1.473116e-08	-1.09921e-04	1.547459e-07	1.215454e-05	
189	1.483116e-08	1.099189e-04	-1.54743e-07	1.184498e-05	
190	1.493116e-08	-1.09917e-04	1.547402e-07	1.215453e-05	
191	1.503116e-08	1.099156e-04	-1.54737e-07	1.184498e-05	
192	1.513116e-08	-1.09914e-04	1.547345e-07	1.215453e-05	
193	1.523116e-08	1.099123e-04	-1.54732e-07	1.184499e-05	
194	1.533116e-08	-1.09911e-04	1.547289e-07	1.215452e-05	
195	1.543116e-08	1.099090e-04	-1.54726e-07	1.184499e-05	
196	1.553116e-08	-1.09907e-04	1.547232e-07	1.215452e-05	
197	1.563116e-08	1.099057e-04	-1.54720e-07	1.184500e-05	
198	1.573116e-08	-1.09904e-04	1.547175e-07	1.215451e-05	
199	1.583116e-08	1.099024e-04	-1.54715e-07	1.184501e-05	
200	1.593116e-08	-1.09901e-04	1.547118e-07	1.215451e-05	
201	1.603116e-08	1.098991e-04	-1.54709e-07	1.184501e-05	
202	1.613116e-08	-1.09897e-04	1.547061e-07	1.215450e-05	
203	1.623116e-08	1.098958e-04	-1.54703e-07	1.184502e-05	
204	1.633116e-08	-1.09894e-04	1.547004e-07	1.215449e-05	
205	1.643116e-08	1.098925e-04	-1.54698e-07	1.184502e-05	
206	1.653116e-08	-1.09891e-04	1.546947e-07	1.215449e-05	
207	1.663116e-08	1.098892e-04	-1.54692e-07	1.184503e-05	
208	1.673116e-08	-1.09888e-04	1.546890e-07	1.215448e-05	
209	1.683116e-08	1.098860e-04	-1.54686e-07	1.184503e-05	
210	1.693116e-08	-1.09884e-04	1.546833e-07	1.215448e-05	
211	1.703116e-08	1.098827e-04	-1.54680e-07	1.184504e-05	
212	1.713116e-08	-1.09881e-04	1.546776e-07	1.215447e-05	
213	1.723116e-08	1.098794e-04	-1.54675e-07	1.184505e-05	
214	1.733116e-08	-1.09878e-04	1.546719e-07	1.215447e-05	
215	1.743116e-08	1.098761e-04	-1.54669e-07	1.184505e-05	
216	1.753116e-08	-1.09874e-04	1.546662e-07	1.215446e-05	
217	1.763116e-08	1.098728e-04	-1.54663e-07	1.184506e-05	
218	1.773116e-08	-1.09871e-04	1.546605e-07	1.215445e-05	
219	1.783116e-08	1.098695e-04	-1.54658e-07	1.184506e-05	
220	1.793116e-08	-1.09868e-04	1.546548e-07	1.215445e-05	
221	1.803116e-08	1.098662e-04	-1.54652e-07	1.184507e-05	
222	1.813116e-08	-1.09865e-04	1.546491e-07	1.215444e-05	
223	1.823116e-08	1.098629e-04	-1.54646e-07	1.184507e-05	
224	1.833116e-08	-1.09861e-04	1.546434e-07	1.215444e-05	
225	1.843116e-08	1.098596e-04	-1.54641e-07	1.184508e-05	
226	1.853116e-08	-1.09858e-04	1.546378e-07	1.215443e-05	
227	1.863116e-08	1.098563e-04	-1.54635e-07	1.184509e-05	
228	1.873116e-08	-1.09855e-04	1.546321e-07	1.215443e-05	

Index   time            v_wwl#branch    v_wbl#branch    v_rbl#branch    
--------------------------------------------------------------------------------
229	1.883116e-08	1.098530e-04	-1.54629e-07	1.184509e-05	
230	1.893116e-08	-1.09851e-04	1.546264e-07	1.215442e-05	
231	1.903116e-08	1.098497e-04	-1.54624e-07	1.184510e-05	
232	1.913116e-08	-1.09848e-04	1.546207e-07	1.215441e-05	
233	1.923116e-08	1.098464e-04	-1.54618e-07	1.184510e-05	
234	1.933116e-08	-1.09845e-04	1.546150e-07	1.215441e-05	
235	1.943116e-08	1.098431e-04	-1.54612e-07	1.184511e-05	
236	1.953116e-08	-1.09841e-04	1.546093e-07	1.215440e-05	
237	1.963116e-08	1.098398e-04	-1.54606e-07	1.184511e-05	
238	1.973116e-08	-1.09838e-04	1.546036e-07	1.215440e-05	
239	1.983116e-08	1.098366e-04	-1.54601e-07	1.184512e-05	
240	1.993116e-08	-1.09835e-04	1.545979e-07	1.215439e-05	
241	2.000000e-08	1.098325e-04	-1.54594e-07	1.184513e-05	

********************************************************************************
Transient Analysis  Tue Aug 18 15:49:48  2026
--------------------------------------------------------------------------------
Index   time            v_dd#branch     
--------------------------------------------------------------------------------
0	0.000000e+00	-1.19998e-05	
1	1.000000e-12	-1.19998e-05	
2	2.000000e-12	-1.19998e-05	
3	4.000000e-12	-1.19998e-05	
4	8.000000e-12	-1.19998e-05	
5	1.600000e-11	-1.19998e-05	
6	3.200000e-11	-1.19998e-05	
7	6.400000e-11	-1.19998e-05	
8	1.280000e-10	-1.19998e-05	
9	2.280000e-10	-1.19998e-05	
10	3.280000e-10	-1.19998e-05	
11	4.280000e-10	-1.19998e-05	
12	5.280000e-10	-1.19998e-05	
13	6.280000e-10	-1.19998e-05	
14	7.280000e-10	-1.19998e-05	
15	8.280000e-10	-1.19998e-05	
16	9.280000e-10	-1.19998e-05	
17	1.000000e-09	-1.19998e-05	
18	1.000010e-09	-1.19997e-05	
19	1.000030e-09	-1.19997e-05	
20	1.000070e-09	-1.19997e-05	
21	1.000100e-09	-1.19997e-05	
22	1.000108e-09	-1.19998e-05	
23	1.000124e-09	-1.19998e-05	
24	1.000156e-09	-1.19998e-05	
25	1.000220e-09	-1.19998e-05	
26	1.000348e-09	-1.19998e-05	
27	1.000604e-09	-1.19998e-05	
28	1.001116e-09	-1.19998e-05	
29	1.002140e-09	-1.19998e-05	
30	1.004188e-09	-1.19998e-05	
31	1.008284e-09	-1.19998e-05	
32	1.016476e-09	-1.19998e-05	
33	1.032860e-09	-1.19998e-05	
34	1.065628e-09	-1.19998e-05	
35	1.131164e-09	-1.19998e-05	
36	1.231164e-09	-1.19998e-05	
37	1.331164e-09	-1.19998e-05	
38	1.431164e-09	-1.19998e-05	
39	1.531164e-09	-1.19998e-05	
40	1.631164e-09	-1.19998e-05	
41	1.731164e-09	-1.19998e-05	
42	1.831164e-09	-1.19998e-05	
43	1.931164e-09	-1.19998e-05	
44	2.031164e-09	-1.19998e-05	
45	2.131164e-09	-1.19998e-05	
46	2.231164e-09	-1.19998e-05	
47	2.331164e-09	-1.19998e-05	
48	2.431164e-09	-1.19998e-05	
49	2.531164e-09	-1.19998e-05	
50	2.631164e-09	-1.19998e-05	
51	2.731164e-09	-1.19998e-05	
52	2.831164e-09	-1.19998e-05	
53	2.931164e-09	-1.19998e-05	
54	3.031164e-09	-1.19998e-05	

Index   time            v_dd#branch     
--------------------------------------------------------------------------------
55	3.131164e-09	-1.19998e-05	
56	3.231164e-09	-1.19998e-05	
57	3.331164e-09	-1.19998e-05	
58	3.431164e-09	-1.19998e-05	
59	3.531164e-09	-1.19998e-05	
60	3.631164e-09	-1.19998e-05	
61	3.731164e-09	-1.19998e-05	
62	3.831164e-09	-1.19998e-05	
63	3.931164e-09	-1.19998e-05	
64	4.031164e-09	-1.19998e-05	
65	4.131164e-09	-1.19998e-05	
66	4.231164e-09	-1.19998e-05	
67	4.331164e-09	-1.19998e-05	
68	4.431164e-09	-1.19998e-05	
69	4.531164e-09	-1.19998e-05	
70	4.631164e-09	-1.19998e-05	
71	4.731164e-09	-1.19998e-05	
72	4.831164e-09	-1.19998e-05	
73	4.931164e-09	-1.19998e-05	
74	5.031164e-09	-1.19998e-05	
75	5.131164e-09	-1.19998e-05	
76	5.231164e-09	-1.19998e-05	
77	5.331164e-09	-1.19998e-05	
78	5.431164e-09	-1.19998e-05	
79	5.531164e-09	-1.19998e-05	
80	5.631164e-09	-1.19998e-05	
81	5.731164e-09	-1.19998e-05	
82	5.831164e-09	-1.19998e-05	
83	5.931164e-09	-1.19998e-05	
84	6.031164e-09	-1.19998e-05	
85	6.131164e-09	-1.19998e-05	
86	6.231164e-09	-1.19998e-05	
87	6.331164e-09	-1.19998e-05	
88	6.431164e-09	-1.19998e-05	
89	6.531164e-09	-1.19998e-05	
90	6.631164e-09	-1.19998e-05	
91	6.731164e-09	-1.19998e-05	
92	6.831164e-09	-1.19998e-05	
93	6.931164e-09	-1.19998e-05	
94	7.031164e-09	-1.19998e-05	
95	7.131164e-09	-1.19998e-05	
96	7.231164e-09	-1.19998e-05	
97	7.331164e-09	-1.19998e-05	
98	7.431164e-09	-1.19998e-05	
99	7.531164e-09	-1.19998e-05	
100	7.631164e-09	-1.19998e-05	
101	7.731164e-09	-1.19998e-05	
102	7.831164e-09	-1.19998e-05	
103	7.931164e-09	-1.19998e-05	
104	8.031164e-09	-1.19998e-05	
105	8.131164e-09	-1.19998e-05	
106	8.231164e-09	-1.19998e-05	
107	8.331164e-09	-1.19998e-05	
108	8.431164e-09	-1.19998e-05	
109	8.531164e-09	-1.19998e-05	
110	8.631164e-09	-1.19998e-05	
111	8.731164e-09	-1.19998e-05	
112	8.831164e-09	-1.19998e-05	

Index   time            v_dd#branch     
--------------------------------------------------------------------------------
113	8.931164e-09	-1.19998e-05	
114	9.031164e-09	-1.19998e-05	
115	9.131164e-09	-1.19998e-05	
116	9.231164e-09	-1.19998e-05	
117	9.331164e-09	-1.19998e-05	
118	9.431164e-09	-1.19998e-05	
119	9.531164e-09	-1.19998e-05	
120	9.631164e-09	-1.19998e-05	
121	9.731164e-09	-1.19998e-05	
122	9.831164e-09	-1.19998e-05	
123	9.931164e-09	-1.19998e-05	
124	1.003116e-08	-1.19998e-05	
125	1.013116e-08	-1.19998e-05	
126	1.023116e-08	-1.19998e-05	
127	1.033116e-08	-1.19998e-05	
128	1.043116e-08	-1.19998e-05	
129	1.053116e-08	-1.19998e-05	
130	1.063116e-08	-1.19998e-05	
131	1.073116e-08	-1.19998e-05	
132	1.083116e-08	-1.19998e-05	
133	1.093116e-08	-1.19998e-05	
134	1.100000e-08	-1.19998e-05	
135	1.100001e-08	-1.19998e-05	
136	1.100003e-08	-1.19998e-05	
137	1.100007e-08	-1.19998e-05	
138	1.100010e-08	-1.19998e-05	
139	1.100011e-08	-1.19998e-05	
140	1.100012e-08	-1.19998e-05	
141	1.100016e-08	-1.19998e-05	
142	1.100022e-08	-1.19998e-05	
143	1.100035e-08	-1.19998e-05	
144	1.100060e-08	-1.19998e-05	
145	1.100112e-08	-1.19998e-05	
146	1.100214e-08	-1.19998e-05	
147	1.100419e-08	-1.19998e-05	
148	1.100828e-08	-1.19998e-05	
149	1.101648e-08	-1.19998e-05	
150	1.103286e-08	-1.19998e-05	
151	1.106563e-08	-1.19998e-05	
152	1.113116e-08	-1.19998e-05	
153	1.123116e-08	-1.19998e-05	
154	1.133116e-08	-1.19998e-05	
155	1.143116e-08	-1.19998e-05	
156	1.153116e-08	-1.19998e-05	
157	1.163116e-08	-1.19998e-05	
158	1.173116e-08	-1.19998e-05	
159	1.183116e-08	-1.19998e-05	
160	1.193116e-08	-1.19998e-05	
161	1.203116e-08	-1.19998e-05	
162	1.213116e-08	-1.19998e-05	
163	1.223116e-08	-1.19998e-05	
164	1.233116e-08	-1.19998e-05	
165	1.243116e-08	-1.19998e-05	
166	1.253116e-08	-1.19998e-05	
167	1.263116e-08	-1.19998e-05	
168	1.273116e-08	-1.19998e-05	
169	1.283116e-08	-1.19998e-05	
170	1.293116e-08	-1.19998e-05	

Index   time            v_dd#branch     
--------------------------------------------------------------------------------
171	1.303116e-08	-1.19998e-05	
172	1.313116e-08	-1.19998e-05	
173	1.323116e-08	-1.19998e-05	
174	1.333116e-08	-1.19998e-05	
175	1.343116e-08	-1.19998e-05	
176	1.353116e-08	-1.19998e-05	
177	1.363116e-08	-1.19998e-05	
178	1.373116e-08	-1.19998e-05	
179	1.383116e-08	-1.19998e-05	
180	1.393116e-08	-1.19998e-05	
181	1.403116e-08	-1.19998e-05	
182	1.413116e-08	-1.19998e-05	
183	1.423116e-08	-1.19998e-05	
184	1.433116e-08	-1.19998e-05	
185	1.443116e-08	-1.19998e-05	
186	1.453116e-08	-1.19998e-05	
187	1.463116e-08	-1.19998e-05	
188	1.473116e-08	-1.19998e-05	
189	1.483116e-08	-1.19998e-05	
190	1.493116e-08	-1.19998e-05	
191	1.503116e-08	-1.19998e-05	
192	1.513116e-08	-1.19998e-05	
193	1.523116e-08	-1.19998e-05	
194	1.533116e-08	-1.19998e-05	
195	1.543116e-08	-1.19998e-05	
196	1.553116e-08	-1.19998e-05	
197	1.563116e-08	-1.19998e-05	
198	1.573116e-08	-1.19998e-05	
199	1.583116e-08	-1.19998e-05	
200	1.593116e-08	-1.19998e-05	
201	1.603116e-08	-1.19998e-05	
202	1.613116e-08	-1.19998e-05	
203	1.623116e-08	-1.19998e-05	
204	1.633116e-08	-1.19998e-05	
205	1.643116e-08	-1.19998e-05	
206	1.653116e-08	-1.19998e-05	
207	1.663116e-08	-1.19998e-05	
208	1.673116e-08	-1.19998e-05	
209	1.683116e-08	-1.19998e-05	
210	1.693116e-08	-1.19998e-05	
211	1.703116e-08	-1.19998e-05	
212	1.713116e-08	-1.19998e-05	
213	1.723116e-08	-1.19998e-05	
214	1.733116e-08	-1.19998e-05	
215	1.743116e-08	-1.19998e-05	
216	1.753116e-08	-1.19998e-05	
217	1.763116e-08	-1.19998e-05	
218	1.773116e-08	-1.19998e-05	
219	1.783116e-08	-1.19998e-05	
220	1.793116e-08	-1.19998e-05	
221	1.803116e-08	-1.19998e-05	
222	1.813116e-08	-1.19998e-05	
223	1.823116e-08	-1.19998e-05	
224	1.833116e-08	-1.19998e-05	
225	1.843116e-08	-1.19998e-05	
226	1.853116e-08	-1.19998e-05	
227	1.863116e-08	-1.19998e-05	
228	1.873116e-08	-1.19998e-05	

Index   time            v_dd#branch     
--------------------------------------------------------------------------------
229	1.883116e-08	-1.19998e-05	
230	1.893116e-08	-1.19998e-05	
231	1.903116e-08	-1.19998e-05	
232	1.913116e-08	-1.19998e-05	
233	1.923116e-08	-1.19998e-05	
234	1.933116e-08	-1.19998e-05	
235	1.943116e-08	-1.19998e-05	
236	1.953116e-08	-1.19998e-05	
237	1.963116e-08	-1.19998e-05	
238	1.973116e-08	-1.19998e-05	
239	1.983116e-08	-1.19998e-05	
240	1.993116e-08	-1.19998e-05	
241	2.000000e-08	-1.19998e-05	


Total analysis time (seconds) = 0.003

Total elapsed time (seconds) = 0.011 

Total DRAM available = 32616.133 MB.
DRAM currently available = 8844.230 MB.
Maximum ngspice program size =    9.789 MB.
Current ngspice program size =    9.789 MB.

